 PhysXCooking_64

 Timestamp is 5e8596ef (Thu Apr  2 16:40:31 2020)

 Preferred load address is 0000000180000000

 Start         Length     Name                   Class
 0001:00000000 00000ba0H .text$di                CODE
 0001:00000ba0 000503b0H .text$mn                CODE
 0001:00050f50 00000020H .text$mn$00             CODE
 0001:00050f70 00000100H .text$x                 CODE
 0002:00000000 00000278H .idata$5                DATA
 0002:00000278 00000010H .00cfg                  DATA
 0002:00000288 00000008H .CRT$XCA                DATA
 0002:00000290 000001f0H .CRT$XCU                DATA
 0002:00000480 00000008H .CRT$XCZ                DATA
 0002:00000488 00000008H .CRT$XIA                DATA
 0002:00000490 00000008H .CRT$XIZ                DATA
 0002:00000498 00000008H .CRT$XPA                DATA
 0002:000004a0 00000008H .CRT$XPZ                DATA
 0002:000004a8 00000008H .CRT$XTA                DATA
 0002:000004b0 00000010H .CRT$XTZ                DATA
 0002:000004b8 00000000H .gfids$y                DATA
 0002:000004c0 00004fb8H .rdata                  DATA
 0002:00005478 00000074H .rdata$r                DATA
 0002:000054ec 000003ccH .rdata$zzzdbg           DATA
 0002:000058b8 00000008H .rtc$IAA                DATA
 0002:000058c0 000000a0H .rtc$IMZ                DATA
 0002:00005960 00000008H .rtc$IZZ                DATA
 0002:00005968 00000008H .rtc$TAA                DATA
 0002:00005970 000000a0H .rtc$TMZ                DATA
 0002:00005a10 00000008H .rtc$TZZ                DATA
 0002:00005a18 000025ecH .xdata                  DATA
 0002:00008004 00000040H .didat$2                DATA
 0002:00008044 00000024H .didat$3                DATA
 0002:00008068 00000220H .didat$4                DATA
 0002:00008288 00000d68H .didat$6                DATA
 0002:00008ff0 00000220H .didat$7                DATA
 0002:00009210 00001d88H .edata                  DATA
 0002:0000af98 0000003cH .idata$2                DATA
 0002:0000afd4 00000014H .idata$3                DATA
 0002:0000afe8 00000278H .idata$4                DATA
 0002:0000b260 000005a6H .idata$6                DATA
 0003:00000000 00000068H .data                   DATA
 0003:00000068 00000328H .data$r                 DATA
 0003:00000390 00000220H .didat$5                DATA
 0003:000005b0 00000bd8H .bss                    DATA
 0004:00000000 00003540H .pdata                  DATA
 0005:00000000 000000a0H .rsrc$01                DATA
 0005:000000a0 000004b0H .rsrc$02                DATA

  Address         Publics by Value              Rva+Base               Lib:Object

 0000:00000000       __volatile_metadata        0000000000000000     <absolute>
 0000:00000000       __guard_longjmp_count      0000000000000000     <absolute>
 0000:00000000       __guard_fids_count         0000000000000000     <absolute>
 0000:00000000       __hybrid_code_map          0000000000000000     <absolute>
 0000:00000000       ___safe_se_handler_count   0000000000000000     <absolute>
 0000:00000000       __guard_longjmp_table      0000000000000000     <absolute>
 0000:00000000       __dynamic_value_reloc_table 0000000000000000     <absolute>
 0000:00000000       __AbsoluteZero             0000000000000000     <absolute>
 0000:00000000       __hybrid_auxiliary_iat     0000000000000000     <absolute>
 0000:00000000       __guard_fids_table         0000000000000000     <absolute>
 0000:00000000       __hybrid_code_map_count    0000000000000000     <absolute>
 0000:00000000       __guard_iat_table          0000000000000000     <absolute>
 0000:00000000       __guard_iat_count          0000000000000000     <absolute>
 0000:00000000       __enclave_config           0000000000000000     <absolute>
 0000:00000000       ___safe_se_handler_table   0000000000000000     <absolute>
 0000:00000100       __guard_flags              0000000000000100     <absolute>
 0000:00000000       __ImageBase                0000000180000000     <linker-defined>
 0001:00000ba0       ?ComputeNbBoundaryEdges@AdjTriangle@physx@@QEBAIXZ 0000000180001ba0 f   Adjacencies.obj
 0001:00000c30       ?ComputeNbNeighbors@AdjTriangle@physx@@QEBAIXZ 0000000180001c30 f   Adjacencies.obj
 0001:00000cc0       ?HasNeighbor@AdjTriangle@physx@@QEBA_NIPEAI@Z 0000000180001cc0 f   Adjacencies.obj
 0001:00000dd0       ?Flip@AdjTriangle@physx@@QEAAXXZ 0000000180001dd0 f   Adjacencies.obj
 0001:00000e20       ??0Adjacencies@physx@@QEAA@XZ 0000000180001e20 f   Adjacencies.obj
 0001:00000e50       ??1Adjacencies@physx@@QEAA@XZ 0000000180001e50 f   Adjacencies.obj
 0001:00000eb0       ?Load@Adjacencies@physx@@QEAA_NAEAVPxInputStream@2@@Z 0000000180001eb0 f   Adjacencies.obj
 0001:00001040       ?ComputeNbBoundaryEdges@Adjacencies@physx@@QEBAIXZ 0000000180002040 f   Adjacencies.obj
 0001:000010c0       ?GetBoundaryVertices@Adjacencies@physx@@QEBA_NIPEA_NPEBU?$TriangleT@I@Gu@2@@Z 00000001800020c0 f   Adjacencies.obj
 0001:000013d0       ?MakeLastRef@Adjacencies@physx@@QEAA_NAEAVAdjTriangle@2@IPEAU?$TriangleT@I@Gu@2@@Z 00000001800023d0 f   Adjacencies.obj
 0001:00001730       ?AssignNewEdgeCode@Adjacencies@physx@@AEAAXIE@Z 0000000180002730 f   Adjacencies.obj
 0001:000017d0       ??0AdjacenciesBuilder@physx@@QEAA@XZ 00000001800027d0 f   Adjacencies.obj
 0001:00001800       ??1AdjacenciesBuilder@physx@@QEAA@XZ 0000000180002800 f   Adjacencies.obj
 0001:00001820       ?Init@AdjacenciesBuilder@physx@@QEAA_NAEBUADJACENCIESCREATE@2@@Z 0000000180002820 f   Adjacencies.obj
 0001:00002b10       ??$?_UI@@YAPEAX_KV?$ReflectionAllocator@I@shdfnd@physx@@PEBDH@Z 0000000180003b10 f i Adjacencies.obj
 0001:00002b50       ??$?_UV?$ReflectionAllocator@VAdjEdge@@@shdfnd@physx@@@UserAllocated@shdfnd@physx@@SAPEAX_KV?$ReflectionAllocator@VAdjEdge@@@12@PEBDH@Z 0000000180003b50 f i Adjacencies.obj
 0001:00002b90       ??$?_UV?$ReflectionAllocator@VAdjTriangle@physx@@@shdfnd@physx@@@UserAllocated@shdfnd@physx@@SAPEAX_KV?$ReflectionAllocator@VAdjTriangle@physx@@@12@PEBDH@Z 0000000180003b90 f i Adjacencies.obj
 0001:00002bd0       ??$swap@I@shdfnd@physx@@YAXAEAI0@Z 0000000180003bd0 f i Adjacencies.obj
 0001:00002c10       ??0?$ReflectionAllocator@I@shdfnd@physx@@QEAA@PEBD@Z 0000000180003c10 f i Adjacencies.obj
 0001:00002c20       ??0?$ReflectionAllocator@VAdjEdge@@@shdfnd@physx@@QEAA@PEBD@Z 0000000180003c20 f i Adjacencies.obj
 0001:00002c30       ??0?$ReflectionAllocator@VAdjTriangle@physx@@@shdfnd@physx@@QEAA@PEBD@Z 0000000180003c30 f i Adjacencies.obj
 0001:00002c40       ??0?$TriangleT@I@Gu@physx@@QEAA@XZ 0000000180003c40 f i Adjacencies.obj
 0001:00002c50       ??0AdjEdge@@QEAA@XZ        0000000180003c50 f i Adjacencies.obj
 0001:00002c60       ??0AdjTriangle@physx@@QEAA@XZ 0000000180003c60 f i Adjacencies.obj
 0001:00002c70       ??0Allocator@shdfnd@physx@@QEAA@PEBD@Z 0000000180003c70 f i Adjacencies.obj
 0001:00002c80       ??0EDGELISTCREATE@Gu@physx@@QEAA@XZ 0000000180003c80 f i Adjacencies.obj
 0001:00002cf0       ??0NonTrackingAllocator@shdfnd@physx@@QEAA@PEBD@Z 0000000180003cf0 f i Adjacencies.obj
 0001:00002d00       ??0PxFoundation@physx@@QEAA@AEBV01@@Z 0000000180003d00 f i Adjacencies.obj
 0001:00002d20       ??0PxFoundation@physx@@QEAA@XZ 0000000180003d20 f i Adjacencies.obj
 0001:00002d40       ??1AdjEdge@@QEAA@XZ        0000000180003d40 f i Adjacencies.obj
 0001:00002d50       ??1AdjTriangle@physx@@QEAA@XZ 0000000180003d50 f i Adjacencies.obj
 0001:00002d60       ??1PxFoundation@physx@@MEAA@XZ 0000000180003d60 f i Adjacencies.obj
 0001:00002d80       ??3UserAllocated@shdfnd@physx@@SAXPEAX@Z 0000000180003d80 f i Adjacencies.obj
 0001:00002db0       ??4Allocator@shdfnd@physx@@QEAAAEAV012@$$QEAV012@@Z 0000000180003db0 f i Adjacencies.obj
 0001:00002dc0       ??4Allocator@shdfnd@physx@@QEAAAEAV012@AEBV012@@Z 0000000180003dc0 f i Adjacencies.obj
 0001:00002dd0       ??4MutexImpl@shdfnd@physx@@QEAAAEAV012@AEBV012@@Z 0000000180003dd0 f i Adjacencies.obj
 0001:00002de0       ??4PxFoundation@physx@@QEAAAEAV01@AEBV01@@Z 0000000180003de0 f i Adjacencies.obj
 0001:00002df0       ??_EAdjEdge@@QEAAPEAXI@Z   0000000180003df0 f i Adjacencies.obj
 0001:00002ed0       ??_EAdjTriangle@physx@@QEAAPEAXI@Z 0000000180003ed0 f i Adjacencies.obj
 0001:00002fb0       ??_EPxFoundation@physx@@MEAAPEAXI@Z 0000000180003fb0 f i Adjacencies.obj
 0001:00003050       ??_FAllocator@shdfnd@physx@@QEAAXXZ 0000000180004050 f i Adjacencies.obj
 0001:00003070       ??_FNamedAllocator@shdfnd@physx@@QEAAXXZ 0000000180004070 f i Adjacencies.obj
 0001:00003090       ??_GPxFoundation@physx@@MEAAPEAXI@Z 0000000180004090 f i Adjacencies.obj
 0001:000030d0       ??_H@YAXPEAX_K1P6APEAX0@Z@Z 00000001800040d0 f i Adjacencies.obj
 0001:00003150       ??_I@YAXPEAX_K1P6AX0@Z@Z   0000000180004150 f i Adjacencies.obj
 0001:000031e0       ??_VUserAllocated@shdfnd@physx@@SAXPEAX@Z 00000001800041e0 f i Adjacencies.obj
 0001:00003210       ?GetNbHits@RadixSort@Cm@physx@@QEBAIXZ 0000000180004210 f i Adjacencies.obj
 0001:00003220       ?GetNbTotalCalls@RadixSort@Cm@physx@@QEBAIXZ 0000000180004220 f i Adjacencies.obj
 0001:00003230       ?GetRanks@RadixSort@Cm@physx@@QEBAPEBIXZ 0000000180004230 f i Adjacencies.obj
 0001:00003240       ?GetRecyclable@RadixSort@Cm@physx@@QEBAPEAIXZ 0000000180004240 f i Adjacencies.obj
 0001:00003250       ?HasActiveEdge01@AdjTriangle@physx@@QEBAHXZ 0000000180004250 f i Adjacencies.obj
 0001:00003270       ?HasActiveEdge01@EdgeTriangleAC@Gu@physx@@SAHAEBUEdgeTriangleData@23@@Z 0000000180004270 f i Adjacencies.obj
 0001:00003290       ?HasActiveEdge12@AdjTriangle@physx@@QEBAHXZ 0000000180004290 f i Adjacencies.obj
 0001:000032b0       ?HasActiveEdge12@EdgeTriangleAC@Gu@physx@@SAHAEBUEdgeTriangleData@23@@Z 00000001800042b0 f i Adjacencies.obj
 0001:000032d0       ?HasActiveEdge20@AdjTriangle@physx@@QEBAHXZ 00000001800042d0 f i Adjacencies.obj
 0001:000032f0       ?HasActiveEdge20@EdgeTriangleAC@Gu@physx@@SAHAEBUEdgeTriangleData@23@@Z 00000001800042f0 f i Adjacencies.obj
 0001:00003310       ?PxMemZero@physx@@YAPEAXPEAXI@Z 0000000180004310 f i Adjacencies.obj
 0001:00003330       ?__empty_global_delete@@YAXPEAX@Z 0000000180004330 f i Adjacencies.obj
 0001:00003340       ?__empty_global_delete@@YAXPEAX_K@Z 0000000180004340 f i Adjacencies.obj
 0001:00003350       ?allocate@?$ReflectionAllocator@I@shdfnd@physx@@QEAAPEAX_KPEBDH@Z 0000000180004350 f i Adjacencies.obj
 0001:000033d0       ?allocate@?$ReflectionAllocator@VAdjEdge@@@shdfnd@physx@@QEAAPEAX_KPEBDH@Z 00000001800043d0 f i Adjacencies.obj
 0001:00003450       ?allocate@?$ReflectionAllocator@VAdjTriangle@physx@@@shdfnd@physx@@QEAAPEAX_KPEBDH@Z 0000000180004450 f i Adjacencies.obj
 0001:000034d0       ?deallocate@NonTrackingAllocator@shdfnd@physx@@QEAAXPEAX@Z 00000001800044d0 f i Adjacencies.obj
 0001:00003510       ?findEdge@?$TriangleT@I@Gu@physx@@QEBAEII@Z 0000000180004510 f i Adjacencies.obj
 0001:00003670       ?getAllocator@Foundation@shdfnd@physx@@QEAAAEAVPxAllocatorCallback@3@XZ 0000000180004670 f i Adjacencies.obj
 0001:00003680       ?getAllocatorCallback@Foundation@shdfnd@physx@@UEAAAEAVPxAllocatorCallback@3@XZ 0000000180004680 f i Adjacencies.obj
 0001:00003690       ?getEdgeTriangle@EdgeList@Gu@physx@@QEBAAEBUEdgeTriangleData@23@I@Z 0000000180004690 f i Adjacencies.obj
 0001:000036b0       ?getErrorCallback@Foundation@shdfnd@physx@@UEAAAEAVPxErrorCallback@3@XZ 00000001800046b0 f i Adjacencies.obj
 0001:000036c0       ?getErrorLevel@Foundation@shdfnd@physx@@UEBA?AW4Enum@PxErrorCode@3@XZ 00000001800046c0 f i Adjacencies.obj
 0001:000036e0       ?getFoundation@shdfnd@physx@@YAAEAVFoundation@12@XZ 00000001800046e0 f i Adjacencies.obj
 0001:000036f0       ?getInternalErrorCallback@Foundation@shdfnd@physx@@QEAAAEAVPxErrorCallback@3@XZ 00000001800046f0 f i Adjacencies.obj
 0001:00003710       ?getName@?$ReflectionAllocator@I@shdfnd@physx@@CAPEBDXZ 0000000180004710 f i Adjacencies.obj
 0001:00003750       ?getName@?$ReflectionAllocator@VAdjEdge@@@shdfnd@physx@@CAPEBDXZ 0000000180004750 f i Adjacencies.obj
 0001:00003790       ?getName@?$ReflectionAllocator@VAdjTriangle@physx@@@shdfnd@physx@@CAPEBDXZ 0000000180004790 f i Adjacencies.obj
 0001:000037d0       ?getNamedAllocMap@Foundation@shdfnd@physx@@QEAAAEAV?$HashMap@PEBVNamedAllocator@shdfnd@physx@@PEBDU?$Hash@PEBVNamedAllocator@shdfnd@physx@@@23@VNonTrackingAllocator@23@@23@XZ 00000001800047d0 f i Adjacencies.obj
 0001:000037f0       ?getNamedAllocMutex@Foundation@shdfnd@physx@@QEAAAEAV?$MutexT@VAllocator@shdfnd@physx@@@23@XZ 00000001800047f0 f i Adjacencies.obj
 0001:00003810       ?getReportAllocationNames@Foundation@shdfnd@physx@@UEBA_NXZ 0000000180004810 f i Adjacencies.obj
 0001:00003830       ?getTempAllocFreeTable@Foundation@shdfnd@physx@@QEAAAEAV?$Array@PEATTempAllocatorChunk@shdfnd@physx@@VAllocator@23@@23@XZ 0000000180004830 f i Adjacencies.obj
 0001:00003850       ?getTempAllocMutex@Foundation@shdfnd@physx@@QEAAAEAV?$MutexT@VAllocator@shdfnd@physx@@@23@XZ 0000000180004850 f i Adjacencies.obj
 0001:00003870       ?invalidateRanks@RadixSort@Cm@physx@@QEAAXXZ 0000000180004870 f i Adjacencies.obj
 0001:00003890       ?memZero@intrinsics@physx@@YAPEAXPEAXI@Z 0000000180004890 f i Adjacencies.obj
 0001:000038c0       ?name@type_info@@QEBAPEBDXZ 00000001800048c0 f i Adjacencies.obj
 0001:000038f0       ?setErrorLevel@Foundation@shdfnd@physx@@UEAAXW4Enum@PxErrorCode@3@@Z 00000001800048f0 f i Adjacencies.obj
 0001:00003910       ?setReportAllocationNames@Foundation@shdfnd@physx@@UEAAX_N@Z 0000000180004910 f i Adjacencies.obj
 0001:00003930       PxCreateCooking            0000000180004930 f   Cooking.obj
 0001:00003a20       ?release@Cooking@physx@@UEAAXXZ 0000000180004a20 f   Cooking.obj
 0001:00003a70       ?setParams@Cooking@physx@@UEAAXAEBUPxCookingParams@2@@Z 0000000180004a70 f   Cooking.obj
 0001:00003aa0       ?getParams@Cooking@physx@@UEBAAEBUPxCookingParams@2@XZ 0000000180004aa0 f   Cooking.obj
 0001:00003ac0       ?platformMismatch@Cooking@physx@@UEBA_NXZ 0000000180004ac0 f   Cooking.obj
 0001:00003b10       ?cookTriangleMesh@Cooking@physx@@UEBA_NAEBVPxTriangleMeshDesc@2@AEAVPxOutputStream@2@PEAW4Enum@PxTriangleMeshCookingResult@2@@Z 0000000180004b10 f   Cooking.obj
 0001:00003c20       ?createTriangleMesh@Cooking@physx@@UEBAPEAVPxTriangleMesh@2@AEBVPxTriangleMeshDesc@2@AEAVPxPhysicsInsertionCallback@2@PEAW4Enum@PxTriangleMeshCookingResult@2@@Z 0000000180004c20 f   Cooking.obj
 0001:00003d30       ?validateTriangleMesh@Cooking@physx@@UEBA_NAEBVPxTriangleMeshDesc@2@@Z 0000000180004d30 f   Cooking.obj
 0001:00003e00       ?cookConvexMesh@Cooking@physx@@UEBA_NAEBVPxConvexMeshDesc@2@AEAVPxOutputStream@2@PEAW4Enum@PxConvexMeshCookingResult@2@@Z 0000000180004e00 f   Cooking.obj
 0001:00004130       ?createConvexMesh@Cooking@physx@@UEBAPEAVPxConvexMesh@2@AEBVPxConvexMeshDesc@2@AEAVPxPhysicsInsertionCallback@2@PEAW4Enum@PxConvexMeshCookingResult@2@@Z 0000000180005130 f   Cooking.obj
 0001:00004540       ?validateConvexMesh@Cooking@physx@@UEBA_NAEBVPxConvexMeshDesc@2@@Z 0000000180005540 f   Cooking.obj
 0001:000045c0       ?computeHullPolygons@Cooking@physx@@UEBA_NAEBVPxSimpleTriangleMesh@2@AEAVPxAllocatorCallback@2@AEAIAEAPEAVPxVec3@2@2AEAPEAI2AEAPEAUPxHullPolygon@2@@Z 00000001800055c0 f   Cooking.obj
 0001:00004890       ?cookHeightField@Cooking@physx@@UEBA_NAEBVPxHeightFieldDesc@2@AEAVPxOutputStream@2@@Z 0000000180005890 f   Cooking.obj
 0001:000049f0       ?createHeightField@Cooking@physx@@UEBAPEAVPxHeightField@2@AEBVPxHeightFieldDesc@2@AEAVPxPhysicsInsertionCallback@2@@Z 00000001800059f0 f   Cooking.obj
 0001:00004ce0       ?cookBVHStructure@Cooking@physx@@UEBA_NAEBVPxBVHStructureDesc@2@AEAVPxOutputStream@2@@Z 0000000180005ce0 f   Cooking.obj
 0001:00004e00       ?createBVHStructure@Cooking@physx@@UEBAPEAVPxBVHStructure@2@AEBVPxBVHStructureDesc@2@AEAVPxPhysicsInsertionCallback@2@@Z 0000000180005e00 f   Cooking.obj
 0001:00004f30       ?cookConvexMeshInternal@Cooking@physx@@AEBA_NAEBVPxConvexMeshDesc@2@AEAVConvexMeshBuilder@2@PEAVConvexHullLib@2@PEAW4Enum@PxConvexMeshCookingResult@2@@Z 0000000180005f30 f   Cooking.obj
 0001:00005250       ?cookTriangleMesh@Cooking@physx@@AEBA_NAEAVTriangleMeshBuilder@2@AEBVPxTriangleMeshDesc@2@AEAVPxOutputStream@2@PEAW4Enum@PxTriangleMeshCookingResult@2@@Z 0000000180006250 f   Cooking.obj
 0001:00005330       ?createTriangleMesh@Cooking@physx@@AEBAPEAVPxTriangleMesh@2@AEAVTriangleMeshBuilder@2@AEBVPxTriangleMeshDesc@2@AEAVPxPhysicsInsertionCallback@2@PEAW4Enum@PxTriangleMeshCookingResult@2@@Z 0000000180006330 f   Cooking.obj
 0001:00005500       ??$?2V?$ReflectionAllocator@VCooking@physx@@@shdfnd@physx@@@UserAllocated@shdfnd@physx@@SAPEAX_KV?$ReflectionAllocator@VCooking@physx@@@12@PEBDH@Z 0000000180006500 f i Cooking.obj
 0001:00005540       ??$?2V?$ReflectionAllocator@VQuickHullConvexHullLib@physx@@@shdfnd@physx@@@UserAllocated@shdfnd@physx@@SAPEAX_KV?$ReflectionAllocator@VQuickHullConvexHullLib@physx@@@12@PEBDH@Z 0000000180006540 f i Cooking.obj
 0001:00005580       ??$PX_UNUSED@VPxFoundation@physx@@@@YAXAEBVPxFoundation@physx@@@Z 0000000180006580 f i Cooking.obj
 0001:00005590       ??$PX_UNUSED@W4PxIDENTITY@physx@@@@YAXAEBW4PxIDENTITY@physx@@@Z 0000000180006590 f i Cooking.obj
 0001:000055a0       ??$PxMax@I@physx@@YAIII@Z  00000001800065a0 f i Cooking.obj
 0001:000055d0       ??$PxMin@G@physx@@YAGGG@Z  00000001800065d0 f i Cooking.obj
 0001:00005610       ??0?$PxBitAndDataT@G$0IAAA@@physx@@QEAA@W4PxEMPTY@1@@Z 0000000180006610 f i Cooking.obj
 0001:00005620       ??0?$PxBitAndDataT@G$0IAAA@@physx@@QEAA@XZ 0000000180006620 f i Cooking.obj
 0001:00005640       ??0?$PxBitAndDataT@I$0IAAAAAAA@@physx@@QEAA@I_N@Z 0000000180006640 f i Cooking.obj
 0001:00005690       ??0?$PxBitAndDataT@I$0IAAAAAAA@@physx@@QEAA@W4PxEMPTY@1@@Z 0000000180006690 f i Cooking.obj
 0001:000056a0       ??0?$PxFlags@W4Enum@PxBaseFlag@physx@@G@physx@@QEAA@AEBV01@@Z 00000001800066a0 f i Cooking.obj
 0001:000056c0       ??0?$PxFlags@W4Enum@PxConvexFlag@physx@@G@physx@@QEAA@AEBV01@@Z 00000001800066c0 f i Cooking.obj
 0001:000056e0       ??0?$PxFlags@W4Enum@PxConvexFlag@physx@@G@physx@@QEAA@W4Enum@PxConvexFlag@1@@Z 00000001800066e0 f i Cooking.obj
 0001:00005700       ??0?$PxFlags@W4Enum@PxConvexFlag@physx@@G@physx@@QEAA@XZ 0000000180006700 f i Cooking.obj
 0001:00005720       ??0?$PxFlags@W4Enum@PxHeightFieldFlag@physx@@G@physx@@QEAA@AEBV01@@Z 0000000180006720 f i Cooking.obj
 0001:00005740       ??0?$PxFlags@W4Enum@PxHeightFieldFlag@physx@@G@physx@@QEAA@W4PxEMPTY@1@@Z 0000000180006740 f i Cooking.obj
 0001:00005750       ??0?$PxFlags@W4Enum@PxHeightFieldFlag@physx@@G@physx@@QEAA@XZ 0000000180006750 f i Cooking.obj
 0001:00005770       ??0?$PxFlags@W4Enum@PxMeshFlag@physx@@G@physx@@QEAA@AEBV01@@Z 0000000180006770 f i Cooking.obj
 0001:00005790       ??0?$PxFlags@W4Enum@PxMeshPreprocessingFlag@physx@@I@physx@@QEAA@AEBV01@@Z 0000000180006790 f i Cooking.obj
 0001:000057b0       ??0?$ReflectionAllocator@VCooking@physx@@@shdfnd@physx@@QEAA@PEBD@Z 00000001800067b0 f i Cooking.obj
 0001:000057c0       ??0?$ReflectionAllocator@VHeightField@Gu@physx@@@shdfnd@physx@@QEAA@PEBD@Z 00000001800067c0 f i Cooking.obj
 0001:000057d0       ??0?$ReflectionAllocator@VQuickHullConvexHullLib@physx@@@shdfnd@physx@@QEAA@PEBD@Z 00000001800067d0 f i Cooking.obj
 0001:000057e0       ??0CenterExtents@Gu@physx@@QEAA@AEBV012@@Z 00000001800067e0 f i Cooking.obj
 0001:00005830       ??0CenterExtents@Gu@physx@@QEAA@XZ 0000000180006830 f i Cooking.obj
 0001:00005870       ??0ConvexHullData@Gu@physx@@QEAA@W4PxEMPTY@2@@Z 0000000180006870 f i Cooking.obj
 0001:000058c0       ??0ConvexHullData@Gu@physx@@QEAA@XZ 00000001800068c0 f i Cooking.obj
 0001:00005910       ??0ConvexMesh@Gu@physx@@QEAA@V?$PxFlags@W4Enum@PxBaseFlag@physx@@G@2@@Z 0000000180006910 f i Cooking.obj
 0001:000059d0       ??0Cooking@physx@@QEAA@AEBUPxCookingParams@1@@Z 00000001800069d0 f i Cooking.obj
 0001:00005a20       ??0DebugText@Cm@physx@@QEAA@$$QEAU012@@Z 0000000180006a20 f i Cooking.obj
 0001:00005a90       ??0DebugText@Cm@physx@@QEAA@AEBU012@@Z 0000000180006a90 f i Cooking.obj
 0001:00005b00       ??0HeightFieldData@Gu@physx@@QEAA@$$QEAU012@@Z 0000000180006b00 f i Cooking.obj
 0001:00005be0       ??0HeightFieldData@Gu@physx@@QEAA@AEBU012@@Z 0000000180006be0 f i Cooking.obj
 0001:00005cc0       ??0HeightFieldData@Gu@physx@@QEAA@W4PxEMPTY@2@@Z 0000000180006cc0 f i Cooking.obj
 0001:00005d00       ??0HeightFieldData@Gu@physx@@QEAA@XZ 0000000180006d00 f i Cooking.obj
 0001:00005d40       ??0PxBase@physx@@IEAA@V?$PxFlags@W4Enum@PxBaseFlag@physx@@G@1@@Z 0000000180006d40 f i Cooking.obj
 0001:00005d80       ??0PxConvexMesh@physx@@IEAA@V?$PxFlags@W4Enum@PxBaseFlag@physx@@G@1@@Z 0000000180006d80 f i Cooking.obj
 0001:00005dd0       ??0PxConvexMeshDesc@physx@@QEAA@AEBV01@@Z 0000000180006dd0 f i Cooking.obj
 0001:00005e70       ??0PxCooking@physx@@QEAA@XZ 0000000180006e70 f i Cooking.obj
 0001:00005e90       ??0PxCookingParams@physx@@QEAA@AEBU01@@Z 0000000180006e90 f i Cooking.obj
 0001:00005f80       ??0PxDebugLine@physx@@QEAA@AEBU01@@Z 0000000180006f80 f i Cooking.obj
 0001:00005ff0       ??0PxMat33@physx@@QEAA@XZ  0000000180006ff0 f i Cooking.obj
 0001:00006040       ??0PxMat44@physx@@QEAA@AEBV01@@Z 0000000180007040 f i Cooking.obj
 0001:000060c0       ??0PxMat44@physx@@QEAA@W4PxIDENTITY@1@@Z 00000001800070c0 f i Cooking.obj
 0001:00006180       ??0PxVec3@physx@@QEAA@AEBV01@@Z 0000000180007180 f i Cooking.obj
 0001:000061d0       ??0PxVec3@physx@@QEAA@M@Z  00000001800071d0 f i Cooking.obj
 0001:00006210       ??0PxVec3@physx@@QEAA@MMM@Z 0000000180007210 f i Cooking.obj
 0001:00006260       ??0PxVec3@physx@@QEAA@XZ   0000000180007260 f i Cooking.obj
 0001:00006270       ??0PxVec4@physx@@QEAA@AEBV01@@Z 0000000180007270 f i Cooking.obj
 0001:000062d0       ??0PxVec4@physx@@QEAA@MMMM@Z 00000001800072d0 f i Cooking.obj
 0001:00006330       ??0RefCountable@Cm@physx@@QEAA@W4PxEMPTY@2@@Z 0000000180007330 f i Cooking.obj
 0001:000063b0       ??0RenderOutput@Cm@physx@@QEAA@AEAVRenderBuffer@12@@Z 00000001800073b0 f i Cooking.obj
 0001:00006440       ??0RenderOutput@Cm@physx@@QEAA@AEBV012@@Z 0000000180007440 f i Cooking.obj
 0001:000064f0       ??1CenterExtents@Gu@physx@@QEAA@XZ 00000001800074f0 f i Cooking.obj
 0001:00006500       ??1ConvexHullData@Gu@physx@@QEAA@XZ 0000000180007500 f i Cooking.obj
 0001:00006520       ??1Cooking@physx@@UEAA@XZ  0000000180007520 f i Cooking.obj
 0001:00006540       ??1HeightFieldData@Gu@physx@@QEAA@XZ 0000000180007540 f i Cooking.obj
 0001:00006560       ??1PxBase@physx@@MEAA@XZ   0000000180007560 f i Cooking.obj
 0001:00006580       ??1PxConvexMesh@physx@@MEAA@XZ 0000000180007580 f i Cooking.obj
 0001:000065b0       ??1PxCooking@physx@@MEAA@XZ 00000001800075b0 f i Cooking.obj
 0001:000065d0       ??1PxHeightField@physx@@MEAA@XZ 00000001800075d0 f i Cooking.obj
 0001:00006600       ??1RefCountable@Cm@physx@@UEAA@XZ 0000000180007600 f i Cooking.obj
 0001:00006620       ??2@YAPEAX_KPEAX@Z         0000000180007620 f i Cooking.obj
 0001:00006630       ??2UserAllocated@shdfnd@physx@@SAPEAX_KPEAX@Z 0000000180007630 f i Cooking.obj
 0001:00006640       ??4?$PxFlags@W4Enum@PxHeightFieldFlag@physx@@G@physx@@QEAAAEAV01@AEBV01@@Z 0000000180007640 f i Cooking.obj
 0001:00006660       ??4?$PxFlags@W4Enum@PxMeshPreprocessingFlag@physx@@I@physx@@QEAAAEAV01@AEBV01@@Z 0000000180007660 f i Cooking.obj
 0001:00006680       ??4CenterExtents@Gu@physx@@QEAAAEAV012@AEBV012@@Z 0000000180007680 f i Cooking.obj
 0001:000066d0       ??4DebugText@Cm@physx@@QEAAAEAU012@$$QEAU012@@Z 00000001800076d0 f i Cooking.obj
 0001:00006770       ??4DebugText@Cm@physx@@QEAAAEAU012@AEBU012@@Z 0000000180007770 f i Cooking.obj
 0001:00006810       ??4FPUGuard@shdfnd@physx@@QEAAAEAV012@AEBV012@@Z 0000000180007810 f i Cooking.obj
 0001:00006840       ??4HeightFieldData@Gu@physx@@QEAAAEAU012@$$QEAU012@@Z 0000000180007840 f i Cooking.obj
 0001:00006920       ??4HeightFieldData@Gu@physx@@QEAAAEAU012@AEBU012@@Z 0000000180007920 f i Cooking.obj
 0001:00006a00       ??4PxCookingParams@physx@@QEAAAEAU01@AEBU01@@Z 0000000180007a00 f i Cooking.obj
 0001:00006af0       ??4PxMat33@physx@@QEAAAEAV01@AEBV01@@Z 0000000180007af0 f i Cooking.obj
 0001:00006b50       ??4PxVec3@physx@@QEAAAEAV01@AEBV01@@Z 0000000180007b50 f i Cooking.obj
 0001:00006ba0       ??9?$PxFlags@W4Enum@PxHeightFieldFlag@physx@@G@physx@@QEBA_NAEBV01@@Z 0000000180007ba0 f i Cooking.obj
 0001:00006be0       ??B?$PxBitAndDataT@E$0IA@@physx@@QEBAEXZ 0000000180007be0 f i Cooking.obj
 0001:00006c00       ??B?$PxBitAndDataT@G$0IAAA@@physx@@QEBAGXZ 0000000180007c00 f i Cooking.obj
 0001:00006c20       ??B?$PxFlags@W4Enum@PxBaseFlag@physx@@G@physx@@QEBA_NXZ 0000000180007c20 f i Cooking.obj
 0001:00006c50       ??B?$PxFlags@W4Enum@PxConvexFlag@physx@@G@physx@@QEBA_NXZ 0000000180007c50 f i Cooking.obj
 0001:00006c80       ??B?$PxFlags@W4Enum@PxMeshFlag@physx@@G@physx@@QEBA_NXZ 0000000180007c80 f i Cooking.obj
 0001:00006cb0       ??B?$PxFlags@W4Enum@PxMeshPreprocessingFlag@physx@@I@physx@@QEBA_NXZ 0000000180007cb0 f i Cooking.obj
 0001:00006ce0       ??I?$PxFlags@W4Enum@PxBaseFlag@physx@@G@physx@@QEBA?AV01@W4Enum@PxBaseFlag@1@@Z 0000000180007ce0 f i Cooking.obj
 0001:00006d30       ??I?$PxFlags@W4Enum@PxConvexFlag@physx@@G@physx@@QEBA?AV01@W4Enum@PxConvexFlag@1@@Z 0000000180007d30 f i Cooking.obj
 0001:00006d80       ??I?$PxFlags@W4Enum@PxHeightFieldFlag@physx@@G@physx@@QEBA?AV01@W4Enum@PxHeightFieldFlag@1@@Z 0000000180007d80 f i Cooking.obj
 0001:00006dd0       ??I?$PxFlags@W4Enum@PxMeshFlag@physx@@G@physx@@QEBA?AV01@W4Enum@PxMeshFlag@1@@Z 0000000180007dd0 f i Cooking.obj
 0001:00006e20       ??I?$PxFlags@W4Enum@PxMeshPreprocessingFlag@physx@@I@physx@@QEBA?AV01@W4Enum@PxMeshPreprocessingFlag@1@@Z 0000000180007e20 f i Cooking.obj
 0001:00006e70       ??S?$PxFlags@W4Enum@PxConvexFlag@physx@@G@physx@@QEBA?AV01@XZ 0000000180007e70 f i Cooking.obj
 0001:00006eb0       ??Sphysx@@YA?AV?$PxFlags@W4Enum@PxConvexFlag@physx@@G@0@W4Enum@PxConvexFlag@0@@Z 0000000180007eb0 f i Cooking.obj
 0001:00006ef0       ??_4?$PxFlags@W4Enum@PxConvexFlag@physx@@G@physx@@QEAAAEAV01@AEBV01@@Z 0000000180007ef0 f i Cooking.obj
 0001:00006f20       ??_EConvexMesh@Gu@physx@@UEAAPEAXI@Z 0000000180007f20 f i Cooking.obj
 0001:00006ff8       ??_EConvexMesh@Gu@physx@@WBA@EAAPEAXI@Z 0000000180007ff8 f i Cooking.obj
 0001:00007010       ??_EPxConvexMesh@physx@@MEAAPEAXI@Z 0000000180008010 f i Cooking.obj
 0001:000070b0       ??_EPxHeightField@physx@@MEAAPEAXI@Z 00000001800080b0 f i Cooking.obj
 0001:00007150       ??_ECooking@physx@@UEAAPEAXI@Z 0000000180008150 f i Cooking.obj
 0001:00007150       ??_GCooking@physx@@UEAAPEAXI@Z 0000000180008150 f i Cooking.obj
 0001:000071b0       ??_EPxBase@physx@@MEAAPEAXI@Z 00000001800081b0 f i Cooking.obj
 0001:000071b0       ??_GPxBase@physx@@MEAAPEAXI@Z 00000001800081b0 f i Cooking.obj
 0001:000071f0       ??_EPxCooking@physx@@MEAAPEAXI@Z 00000001800081f0 f i Cooking.obj
 0001:000071f0       ??_GPxCooking@physx@@MEAAPEAXI@Z 00000001800081f0 f i Cooking.obj
 0001:00007230       ??_GRefCountable@Cm@physx@@UEAAPEAXI@Z 0000000180008230 f i Cooking.obj
 0001:00007230       ??_ERefCountable@Cm@physx@@UEAAPEAXI@Z 0000000180008230 f i Cooking.obj
 0001:00007270       ?FLoad@aos@shdfnd@physx@@YA?AT__m128@@M@Z 0000000180008270 f i Cooking.obj
 0001:000072a0       ?PxMemCopy@physx@@YAPEAXPEAXPEBXI@Z 00000001800082a0 f i Cooking.obj
 0001:000072d0       ?V3Load@aos@shdfnd@physx@@YA?AT__m128@@M@Z 00000001800082d0 f i Cooking.obj
 0001:00007310       ?V4Load@aos@shdfnd@physx@@YA?AT__m128@@M@Z 0000000180008310 f i Cooking.obj
 0001:00007340       ?allocate@?$Array@UPxDebugLine@physx@@VNamedAllocator@shdfnd@2@@shdfnd@physx@@IEAAPEAUPxDebugLine@3@I@Z 0000000180008340 f i Cooking.obj
 0001:000073d0       ?allocate@?$ReflectionAllocator@VCooking@physx@@@shdfnd@physx@@QEAAPEAX_KPEBDH@Z 00000001800083d0 f i Cooking.obj
 0001:00007450       ?allocate@?$ReflectionAllocator@VHeightField@Gu@physx@@@shdfnd@physx@@QEAAPEAX_KPEBDH@Z 0000000180008450 f i Cooking.obj
 0001:000074d0       ?allocate@?$ReflectionAllocator@VQuickHullConvexHullLib@physx@@@shdfnd@physx@@QEAAPEAX_KPEBDH@Z 00000001800084d0 f i Cooking.obj
 0001:00007550       ?capacity@?$Array@UPxDebugLine@physx@@VNamedAllocator@shdfnd@2@@shdfnd@physx@@QEBAIXZ 0000000180008550 f i Cooking.obj
 0001:00007570       ?copy@?$Array@UPxDebugLine@physx@@VNamedAllocator@shdfnd@2@@shdfnd@physx@@KAXPEAUPxDebugLine@3@0PEBU43@@Z 0000000180008570 f i Cooking.obj
 0001:000075f0       ?deallocate@?$Array@UPxDebugLine@physx@@VNamedAllocator@shdfnd@2@@shdfnd@physx@@IEAAXPEAX@Z 00000001800085f0 f i Cooking.obj
 0001:00007620       ?destroy@?$Array@UPxDebugLine@physx@@VNamedAllocator@shdfnd@2@@shdfnd@physx@@KAXPEAUPxDebugLine@3@0@Z 0000000180008620 f i Cooking.obj
 0001:00007650       ?end@?$Array@UPxDebugLine@physx@@VNamedAllocator@shdfnd@2@@shdfnd@physx@@QEAAPEAUPxDebugLine@3@XZ 0000000180008650 f i Cooking.obj
 0001:00007670       ?forceSize_Unsafe@?$Array@UPxDebugLine@physx@@VNamedAllocator@shdfnd@2@@shdfnd@physx@@QEAAXI@Z 0000000180008670 f i Cooking.obj
 0001:000076f0       ?fsel@intrinsics@physx@@YAMMMM@Z 00000001800086f0 f i Cooking.obj
 0001:00007740       ?gatherStrided@Cooking@physx@@SAXPEBXPEAXIII@Z 0000000180008740 f i Cooking.obj
 0001:000077d0       ?getBigConvexData@ConvexMeshBuilder@physx@@QEBAPEAVBigConvexData@2@XZ 00000001800087d0 f i Cooking.obj
 0001:000077f0       ?getConcreteTypeName@PxConvexMesh@physx@@UEBAPEBDXZ 00000001800087f0 f i Cooking.obj
 0001:00007800       ?getConcreteTypeName@PxHeightField@physx@@UEBAPEBDXZ 0000000180008800 f i Cooking.obj
 0001:00007810       ?getConvexEdgeThreshold@HeightField@Gu@physx@@UEBAMXZ 0000000180008810 f i Cooking.obj
 0001:00007820       ?getFlags@HeightField@Gu@physx@@UEBA?AV?$PxFlags@W4Enum@PxHeightFieldFlag@physx@@G@3@XZ 0000000180008820 f i Cooking.obj
 0001:00007850       ?getFormat@HeightField@Gu@physx@@UEBA?AW4Enum@PxHeightFieldFormat@3@XZ 0000000180008850 f i Cooking.obj
 0001:00007860       ?getHeight@HeightField@Gu@physx@@QEBAMI@Z 0000000180008860 f i Cooking.obj
 0001:00007890       ?getHeight@HeightField@Gu@physx@@UEBAMMM@Z 0000000180008890 f i Cooking.obj
 0001:000078c0       ?getHeightInternal2@HeightField@Gu@physx@@QEBAMIMM@Z 00000001800088c0 f i Cooking.obj
 0001:00007b30       ?getHeightInternal@HeightField@Gu@physx@@QEBAMMM@Z 0000000180008b30 f i Cooking.obj
 0001:00007b90       ?getHullVertices@ConvexHullData@Gu@physx@@QEBAPEBVPxVec3@3@XZ 0000000180008b90 f i Cooking.obj
 0001:00007bd0       ?getIndexBuffer@ConvexMesh@Gu@physx@@UEBAPEBEXZ 0000000180008bd0 f i Cooking.obj
 0001:00007bf0       ?getInertia@ConvexMeshBuilder@physx@@QEBAAEBVPxMat33@2@XZ 0000000180008bf0 f i Cooking.obj
 0001:00007c10       ?getMass@ConvexMeshBuilder@physx@@QEBAMXZ 0000000180008c10 f i Cooking.obj
 0001:00007c30       ?getMaterialIndex0@HeightField@Gu@physx@@QEBAGI@Z 0000000180008c30 f i Cooking.obj
 0001:00007c60       ?getMaterialIndex1@HeightField@Gu@physx@@QEBAGI@Z 0000000180008c60 f i Cooking.obj
 0001:00007c90       ?getMeshData@TriangleMeshBuilder@physx@@QEAAAEAVTriangleMeshData@Gu@2@XZ 0000000180008c90 f i Cooking.obj
 0001:00007ca0       ?getName@?$ReflectionAllocator@VCooking@physx@@@shdfnd@physx@@CAPEBDXZ 0000000180008ca0 f i Cooking.obj
 0001:00007ce0       ?getName@?$ReflectionAllocator@VHeightField@Gu@physx@@@shdfnd@physx@@CAPEBDXZ 0000000180008ce0 f i Cooking.obj
 0001:00007d20       ?getName@?$ReflectionAllocator@VQuickHullConvexHullLib@physx@@@shdfnd@physx@@CAPEBDXZ 0000000180008d20 f i Cooking.obj
 0001:00007d60       ?getNbColumns@HeightField@Gu@physx@@UEBAIXZ 0000000180008d60 f i Cooking.obj
 0001:00007d70       ?getNbColumnsFast@HeightField@Gu@physx@@QEBAIXZ 0000000180008d70 f i Cooking.obj
 0001:00007d80       ?getNbPolygons@ConvexMesh@Gu@physx@@UEBAIXZ 0000000180008d80 f i Cooking.obj
 0001:00007d90       ?getNbRows@HeightField@Gu@physx@@UEBAIXZ 0000000180008d90 f i Cooking.obj
 0001:00007da0       ?getNbVertices@ConvexMesh@Gu@physx@@UEBAIXZ 0000000180008da0 f i Cooking.obj
 0001:00007db0       ?getPaddedBounds@HeightFieldData@Gu@physx@@QEBAAEBVCenterExtentsPadded@23@XZ 0000000180008db0 f i Cooking.obj
 0001:00007dc0       ?getSample@HeightField@Gu@physx@@QEBAAEBUPxHeightFieldSample@3@I@Z 0000000180008dc0 f i Cooking.obj
 0001:00007e40       ?getSample@HeightField@Gu@physx@@UEBAAEBUPxHeightFieldSample@3@II@Z 0000000180008e40 f i Cooking.obj
 0001:00007e80       ?getSampleStride@HeightField@Gu@physx@@UEBAIXZ 0000000180008e80 f i Cooking.obj
 0001:00007e90       ?getTimestamp@HeightField@Gu@physx@@UEBAIXZ 0000000180008e90 f i Cooking.obj
 0001:00007ea0       ?getTriangleMaterial@HeightField@Gu@physx@@QEBAGI@Z 0000000180008ea0 f i Cooking.obj
 0001:00007f00       ?getTriangleMaterialIndex@HeightField@Gu@physx@@UEBAGI@Z 0000000180008f00 f i Cooking.obj
 0001:00007f20       ?getTriangleNormal@HeightField@Gu@physx@@UEBA?AVPxVec3@3@I@Z 0000000180008f20 f i Cooking.obj
 0001:00007f60       ?getTriangleNormalInternal@HeightField@Gu@physx@@QEBA?AVPxVec3@3@I@Z 0000000180008f60 f i Cooking.obj
 0001:000081c0       ?getTriangleVertexIndices@HeightField@Gu@physx@@QEBAXIAEAI00@Z 00000001800091c0 f i Cooking.obj
 0001:00008310       ?getType@PxMidphaseDesc@physx@@QEBA?AW4Enum@PxMeshMidPhase@2@XZ 0000000180009310 f i Cooking.obj
 0001:00008320       ?getVertexData8@ConvexHullData@Gu@physx@@QEBAPEBEXZ 0000000180009320 f i Cooking.obj
 0001:00008400       ?getVertices@ConvexMesh@Gu@physx@@UEBAPEBVPxVec3@3@XZ 0000000180009400 f i Cooking.obj
 0001:00008420       ?grow@?$Array@UPxDebugLine@physx@@VNamedAllocator@shdfnd@2@@shdfnd@physx@@IEAAXI@Z 0000000180009420 f i Cooking.obj
 0001:000084a0       ?isBitSet@?$PxBitAndDataT@E$0IA@@physx@@QEBAEXZ 00000001800094a0 f i Cooking.obj
 0001:000084c0       ?isBitSet@?$PxBitAndDataT@G$0IAAA@@physx@@QEBAGXZ 00000001800094c0 f i Cooking.obj
 0001:000084e0       ?isFirstTriangle@HeightField@Gu@physx@@QEBA_NI@Z 00000001800094e0 f i Cooking.obj
 0001:00008520       ?isInUserMemory@?$Array@UPxDebugLine@physx@@VNamedAllocator@shdfnd@2@@shdfnd@physx@@QEBAIXZ 0000000180009520 f i Cooking.obj
 0001:00008540       ?isKindOf@PxBase@physx@@MEBA_NPEBD@Z 0000000180009540 f i Cooking.obj
 0001:00008580       ?isKindOf@PxConvexMesh@physx@@MEBA_NPEBD@Z 0000000180009580 f i Cooking.obj
 0001:000085e0       ?isKindOf@PxHeightField@physx@@MEBA_NPEBD@Z 00000001800095e0 f i Cooking.obj
 0001:00008640       ?isReleasable@PxBase@physx@@UEBA_NXZ 0000000180009640 f i Cooking.obj
 0001:00008680       ?isValid@PxBVHStructureDesc@physx@@QEBA_NXZ 0000000180009680 f i Cooking.obj
 0001:000086c0       ?isValid@PxConvexMeshDesc@physx@@QEBA_NXZ 00000001800096c0 f i Cooking.obj
 0001:000088d0       ?isValid@PxHeightFieldDesc@physx@@QEBA_NXZ 00000001800098d0 f i Cooking.obj
 0001:00008980       ?isValid@PxSimpleTriangleMesh@physx@@QEBA_NXZ 0000000180009980 f i Cooking.obj
 0001:00008a60       ?isValid@PxTriangleMeshDesc@physx@@QEBA_NXZ 0000000180009a60 f i Cooking.obj
 0001:00008ad0       ?isValidVertex@HeightField@Gu@physx@@QEBA_NI@Z 0000000180009ad0 f i Cooking.obj
 0001:00008b10       ?isZerothVertexShared@HeightField@Gu@physx@@QEBA_NI@Z 0000000180009b10 f i Cooking.obj
 0001:00008b60       ?littleEndian@shdfnd@physx@@YADXZ 0000000180009b60 f i Cooking.obj
 0001:00008b80       ?markSerializedMem@Cm@physx@@YAXPEAXI@Z 0000000180009b80 f i Cooking.obj
 0001:00008bc0       ?memCopy@intrinsics@physx@@YAPEAXPEAXPEBXI@Z 0000000180009bc0 f i Cooking.obj
 0001:00008bf0       ?onRefCountZero@RefCountable@Cm@physx@@UEAAXXZ 0000000180009bf0 f i Cooking.obj
 0001:00008c40       ?outputSegment@RenderOutput@Cm@physx@@QEAAXAEBVPxVec3@3@0@Z 0000000180009c40 f i Cooking.obj
 0001:00008cc0       ?preExportDataReset@ConvexMesh@Gu@physx@@QEAAXXZ 0000000180009cc0 f i Cooking.obj
 0001:00008ce0       ?preExportDataReset@HeightField@Gu@physx@@QEAAXXZ 0000000180009ce0 f i Cooking.obj
 0001:00008d00       ?preExportDataReset@RefCountable@Cm@physx@@QEAAXXZ 0000000180009d00 f i Cooking.obj
 0001:00008d20       ?recreate@?$Array@UPxDebugLine@physx@@VNamedAllocator@shdfnd@2@@shdfnd@physx@@IEAAXI@Z 0000000180009d20 f i Cooking.obj
 0001:00008e40       ?requiresObjects@ConvexMesh@Gu@physx@@UEAAXAEAVPxProcessPxBaseCallback@3@@Z 0000000180009e40 f i Cooking.obj
 0001:00008e50       ?reserve@?$Array@UPxDebugLine@physx@@VNamedAllocator@shdfnd@2@@shdfnd@physx@@QEAAXI@Z 0000000180009e50 f i Cooking.obj
 0001:00008e80       ?reserveSegments@RenderOutput@Cm@physx@@QEAAPEAUPxDebugLine@3@I@Z 0000000180009e80 f i Cooking.obj
 0001:00008eb0       ?setBigConvexData@ConvexMesh@Gu@physx@@QEAAXPEAVBigConvexData@3@@Z 0000000180009eb0 f i Cooking.obj
 0001:00008ed0       ?setBigConvexData@ConvexMeshBuilder@physx@@QEAAXPEAVBigConvexData@2@@Z 0000000180009ed0 f i Cooking.obj
 0001:00008ef0       ?setBit@?$PxBitAndDataT@I$0IAAAAAAA@@physx@@QEAAXXZ 0000000180009ef0 f i Cooking.obj
 0001:00008f10       ?setInertia@ConvexMesh@Gu@physx@@QEAAXAEBVPxMat33@3@@Z 0000000180009f10 f i Cooking.obj
 0001:00008f40       ?setMass@ConvexMesh@Gu@physx@@QEAAXM@Z 0000000180009f40 f i Cooking.obj
 0001:00008f60       ?setNb@ConvexMesh@Gu@physx@@QEAAXI@Z 0000000180009f60 f i Cooking.obj
 0001:00008f90       ?size@?$Array@UPxDebugLine@physx@@VNamedAllocator@shdfnd@2@@shdfnd@physx@@QEBAIXZ 0000000180009f90 f i Cooking.obj
 0001:00008fa0       ?tessFlag@PxHeightFieldSample@physx@@QEBAEXZ 0000000180009fa0 f i Cooking.obj
 0001:00008fe0       ??0ReducedVertexCloud@physx@@QEAA@PEBVPxVec3@1@I@Z 0000000180009fe0 f   CookingUtils.obj
 0001:00009040       ??1ReducedVertexCloud@physx@@QEAA@XZ 000000018000a040 f   CookingUtils.obj
 0001:00009060       ?Clean@ReducedVertexCloud@physx@@QEAAAEAV12@XZ 000000018000a060 f   CookingUtils.obj
 0001:000090d0       ?Reduce@ReducedVertexCloud@physx@@QEAA_NPEAUREDUCEDCLOUD@2@@Z 000000018000a0d0 f   CookingUtils.obj
 0001:000095d0       ??$?_UM@@YAPEAX_KV?$ReflectionAllocator@M@shdfnd@physx@@PEBDH@Z 000000018000a5d0 f i CookingUtils.obj
 0001:00009610       ??0?$ReflectionAllocator@M@shdfnd@physx@@QEAA@PEBD@Z 000000018000a610 f i CookingUtils.obj
 0001:00009620       ?allocate@?$ReflectionAllocator@M@shdfnd@physx@@QEAAPEAX_KPEBDH@Z 000000018000a620 f i CookingUtils.obj
 0001:000096a0       ?getName@?$ReflectionAllocator@M@shdfnd@physx@@CAPEBDXZ 000000018000a6a0 f i CookingUtils.obj
 0001:000096e0       ??0EdgeList@Gu@physx@@QEAA@XZ 000000018000a6e0 f   EdgeList.obj
 0001:00009730       ??1EdgeList@Gu@physx@@QEAA@XZ 000000018000a730 f   EdgeList.obj
 0001:000097f0       ?load@EdgeList@Gu@physx@@QEAA_NAEAVPxInputStream@3@@Z 000000018000a7f0 f   EdgeList.obj
 0001:00009b20       ??0EdgeListBuilder@Gu@physx@@QEAA@XZ 000000018000ab20 f   EdgeList.obj
 0001:00009b50       ??1EdgeListBuilder@Gu@physx@@QEAA@XZ 000000018000ab50 f   EdgeList.obj
 0001:00009b70       ?init@EdgeListBuilder@Gu@physx@@QEAA_NAEBUEDGELISTCREATE@23@@Z 000000018000ab70 f   EdgeList.obj
 0001:00009d50       ?createFacesToEdges@EdgeListBuilder@Gu@physx@@AEAA_NIPEBIPEBG@Z 000000018000ad50 f   EdgeList.obj
 0001:0000a520       ?createEdgesToFaces@EdgeListBuilder@Gu@physx@@AEAA_NIPEBIPEBG@Z 000000018000b520 f   EdgeList.obj
 0001:0000aac0       ?computeActiveEdges@EdgeListBuilder@Gu@physx@@AEAA_NIPEBIPEBGPEBVPxVec3@3@M@Z 000000018000bac0 f   EdgeList.obj
 0001:0000c5b0       ??$?_UUEdgeData@Gu@physx@@@@YAPEAX_KV?$ReflectionAllocator@UEdgeData@Gu@physx@@@shdfnd@physx@@PEBDH@Z 000000018000d5b0 f i EdgeList.obj
 0001:0000c5f0       ??$?_UUEdgeTriangleData@Gu@physx@@@@YAPEAX_KV?$ReflectionAllocator@UEdgeTriangleData@Gu@physx@@@shdfnd@physx@@PEBDH@Z 000000018000d5f0 f i EdgeList.obj
 0001:0000c630       ??0?$ReflectionAllocator@UEdgeData@Gu@physx@@@shdfnd@physx@@QEAA@PEBD@Z 000000018000d630 f i EdgeList.obj
 0001:0000c640       ??0?$ReflectionAllocator@UEdgeTriangleData@Gu@physx@@@shdfnd@physx@@QEAA@PEBD@Z 000000018000d640 f i EdgeList.obj
 0001:0000c650       ??0PxPlane@physx@@QEAA@AEBVPxVec3@1@00@Z 000000018000d650 f i EdgeList.obj
 0001:0000c710       ??0PxTriangle@physx@@QEAA@AEBVPxVec3@1@00@Z 000000018000d710 f i EdgeList.obj
 0001:0000c7c0       ??1PxTriangle@physx@@QEAA@XZ 000000018000d7c0 f i EdgeList.obj
 0001:0000c7d0       ??DPxVec3@physx@@QEBA?AV01@M@Z 000000018000d7d0 f i EdgeList.obj
 0001:0000c840       ??GPxVec3@physx@@QEBA?AV01@AEBV01@@Z 000000018000d840 f i EdgeList.obj
 0001:0000c8c0       ??_0PxVec3@physx@@QEAAAEAV01@M@Z 000000018000d8c0 f i EdgeList.obj
 0001:0000c940       ?PxAtan2@physx@@YAMMM@Z    000000018000d940 f i EdgeList.obj
 0001:0000c970       ?PxRecipSqrt@physx@@YAMM@Z 000000018000d970 f i EdgeList.obj
 0001:0000c990       ?PxSqrt@physx@@YAMM@Z      000000018000d990 f i EdgeList.obj
 0001:0000c9b0       ?allocate@?$ReflectionAllocator@UEdgeData@Gu@physx@@@shdfnd@physx@@QEAAPEAX_KPEBDH@Z 000000018000d9b0 f i EdgeList.obj
 0001:0000ca30       ?allocate@?$ReflectionAllocator@UEdgeTriangleData@Gu@physx@@@shdfnd@physx@@QEAAPEAX_KPEBDH@Z 000000018000da30 f i EdgeList.obj
 0001:0000cab0       ?angle@shdfnd@physx@@YAMAEBVPxVec3@2@0@Z 000000018000dab0 f i EdgeList.obj
 0001:0000cb10       ?cross@PxVec3@physx@@QEBA?AV12@AEBV12@@Z 000000018000db10 f i EdgeList.obj
 0001:0000cbd0       ?distance@PxPlane@physx@@QEBAMAEBVPxVec3@2@@Z 000000018000dbd0 f i EdgeList.obj
 0001:0000cc00       ?dot@PxVec3@physx@@QEBAMAEBV12@@Z 000000018000dc00 f i EdgeList.obj
 0001:0000cc50       ?getEdgeToTriangles@EdgeList@Gu@physx@@QEBAPEBUEdgeDescData@23@XZ 000000018000dc50 f i EdgeList.obj
 0001:0000cc60       ?getEdges@EdgeList@Gu@physx@@QEBAPEBUEdgeData@23@XZ 000000018000dc60 f i EdgeList.obj
 0001:0000cc70       ?getFacesByEdges@EdgeList@Gu@physx@@QEBAPEBIXZ 000000018000dc70 f i EdgeList.obj
 0001:0000cc80       ?getName@?$ReflectionAllocator@UEdgeData@Gu@physx@@@shdfnd@physx@@CAPEBDXZ 000000018000dc80 f i EdgeList.obj
 0001:0000ccc0       ?getName@?$ReflectionAllocator@UEdgeTriangleData@Gu@physx@@@shdfnd@physx@@CAPEBDXZ 000000018000dcc0 f i EdgeList.obj
 0001:0000cd00       ?getNbEdges@EdgeList@Gu@physx@@QEBAIXZ 000000018000dd00 f i EdgeList.obj
 0001:0000cd10       ?getNormalized@PxVec3@physx@@QEBA?AV12@XZ 000000018000dd10 f i EdgeList.obj
 0001:0000cda0       ?magnitude@PxVec3@physx@@QEBAMXZ 000000018000dda0 f i EdgeList.obj
 0001:0000cdc0       ?magnitudeSquared@PxVec3@physx@@QEBAMXZ 000000018000ddc0 f i EdgeList.obj
 0001:0000ce10       ?normal@PxTriangle@physx@@QEBAXAEAVPxVec3@2@@Z 000000018000de10 f i EdgeList.obj
 0001:0000ced0       ?normalize@PxVec3@physx@@QEAAMXZ 000000018000ded0 f i EdgeList.obj
 0001:0000cf20       ?recipSqrt@intrinsics@physx@@YAMM@Z 000000018000df20 f i EdgeList.obj
 0001:0000cf50       ?sqrt@intrinsics@physx@@YAMM@Z 000000018000df50 f i EdgeList.obj
 0001:0000cf70       fabsf                      000000018000df70 f i EdgeList.obj
 0001:0000cf90       ??0MeshCleaner@physx@@QEAA@IPEBVPxVec3@1@IPEBIM@Z 000000018000df90 f   MeshCleaner.obj
 0001:0000dc60       ??1MeshCleaner@physx@@QEAA@XZ 000000018000ec60 f   MeshCleaner.obj
 0001:0000df70       ??9Indices@@QEBA_NAEBU0@@Z 000000018000ef70 f i MeshCleaner.obj
 0001:0000e010       ??9PxVec3@physx@@QEBA_NAEBV01@@Z 000000018000f010 f i MeshCleaner.obj
 0001:0000e080       ?PxFloor@physx@@YAMM@Z     000000018000f080 f i MeshCleaner.obj
 0001:0000e0a0       ?nextPowerOfTwo@shdfnd@physx@@YAII@Z 000000018000f0a0 f i MeshCleaner.obj
 0001:0000e110       ?createQuantizer@physx@@YAPEAVQuantizer@1@XZ 000000018000f110 f   Quantizer.obj
 0001:0000e190       ?kmeans_cluster3d@@YAIPEBVPxVec3@physx@@IIPEAV12@PEAIMM@Z 000000018000f190 f   Quantizer.obj
 0001:0000e1f0       ??$?2V?$ReflectionAllocator@VQuantizerImpl@@@shdfnd@physx@@@UserAllocated@shdfnd@physx@@SAPEAX_KV?$ReflectionAllocator@VQuantizerImpl@@@12@PEBDH@Z 000000018000f1f0 f i Quantizer.obj
 0001:0000e230       ??$PX_UNUSED@W4PxZERO@physx@@@@YAXAEBW4PxZERO@physx@@@Z 000000018000f230 f i Quantizer.obj
 0001:0000e240       ??$PxMax@M@physx@@YAMMM@Z  000000018000f240 f i Quantizer.obj
 0001:0000e270       ??$PxMin@M@physx@@YAMMM@Z  000000018000f270 f i Quantizer.obj
 0001:0000e2a0       ??$kmeans_cluster@VPxVec3@physx@@M@@YAIPEBVPxVec3@physx@@IIPEAV01@PEAIMM@Z 000000018000f2a0 f i Quantizer.obj
 0001:0000ea00       ??0?$Array@VPxVec3@physx@@VNamedAllocator@shdfnd@2@@shdfnd@physx@@QEAA@AEBVNamedAllocator@12@@Z 000000018000fa00 f i Quantizer.obj
 0001:0000ea50       ??0?$ReflectionAllocator@VQuantizerImpl@@@shdfnd@physx@@QEAA@PEBD@Z 000000018000fa50 f i Quantizer.obj
 0001:0000ea60       ??0PxBounds3@physx@@QEAA@XZ 000000018000fa60 f i Quantizer.obj
 0001:0000eaa0       ??0PxVec3@physx@@QEAA@W4PxZERO@1@@Z 000000018000faa0 f i Quantizer.obj
 0001:0000eaf0       ??0Quantizer@physx@@QEAA@XZ 000000018000faf0 f i Quantizer.obj
 0001:0000eb10       ??0QuantizerImpl@@QEAA@XZ  000000018000fb10 f i Quantizer.obj
 0001:0000ec10       ??1?$Array@VPxVec3@physx@@VNamedAllocator@shdfnd@2@@shdfnd@physx@@QEAA@XZ 000000018000fc10 f i Quantizer.obj
 0001:0000ec80       ??1Quantizer@physx@@MEAA@XZ 000000018000fc80 f i Quantizer.obj
 0001:0000eca0       ??1QuantizerImpl@@EEAA@XZ  000000018000fca0 f i Quantizer.obj
 0001:0000ecf0       ??A?$Array@VPxVec3@physx@@VNamedAllocator@shdfnd@2@@shdfnd@physx@@QEAAAEAVPxVec3@2@I@Z 000000018000fcf0 f i Quantizer.obj
 0001:0000ed70       ??APxVec3@physx@@QEAAAEAMI@Z 000000018000fd70 f i Quantizer.obj
 0001:0000edc0       ??HPxVec3@physx@@QEBA?AV01@AEBV01@@Z 000000018000fdc0 f i Quantizer.obj
 0001:0000ee40       ??XPxVec3@physx@@QEAAAEAV01@M@Z 000000018000fe40 f i Quantizer.obj
 0001:0000eea0       ??YPxVec3@physx@@QEAAAEAV01@AEBV01@@Z 000000018000fea0 f i Quantizer.obj
 0001:0000ef10       ??_EQuantizer@physx@@MEAAPEAXI@Z 000000018000ff10 f i Quantizer.obj
 0001:0000ef10       ??_GQuantizer@physx@@MEAAPEAXI@Z 000000018000ff10 f i Quantizer.obj
 0001:0000ef50       ??_EQuantizerImpl@@EEAAPEAXI@Z 000000018000ff50 f i Quantizer.obj
 0001:0000ef50       ??_GQuantizerImpl@@EEAAPEAXI@Z 000000018000ff50 f i Quantizer.obj
 0001:0000efb0       ?PxAbs@physx@@YAMM@Z       000000018000ffb0 f i Quantizer.obj
 0001:0000efd0       ?PxIsFinite@physx@@YA_NM@Z 000000018000ffd0 f i Quantizer.obj
 0001:0000eff0       ?abs@intrinsics@physx@@YAMM@Z 000000018000fff0 f i Quantizer.obj
 0001:0000f010       ?allocate@?$Array@VPxVec3@physx@@VNamedAllocator@shdfnd@2@@shdfnd@physx@@IEAAPEAVPxVec3@3@I@Z 0000000180010010 f i Quantizer.obj
 0001:0000f0a0       ?allocate@?$ReflectionAllocator@VQuantizerImpl@@@shdfnd@physx@@QEAAPEAX_KPEBDH@Z 00000001800100a0 f i Quantizer.obj
 0001:0000f120       ?capacity@?$Array@VPxVec3@physx@@VNamedAllocator@shdfnd@2@@shdfnd@physx@@QEBAIXZ 0000000180010120 f i Quantizer.obj
 0001:0000f140       ?capacityIncrement@?$Array@VPxVec3@physx@@VNamedAllocator@shdfnd@2@@shdfnd@physx@@IEBAIXZ 0000000180010140 f i Quantizer.obj
 0001:0000f180       ?clear@?$Array@VPxVec3@physx@@VNamedAllocator@shdfnd@2@@shdfnd@physx@@QEAAXXZ 0000000180010180 f i Quantizer.obj
 0001:0000f1c0       ?copy@?$Array@VPxVec3@physx@@VNamedAllocator@shdfnd@2@@shdfnd@physx@@KAXPEAVPxVec3@3@0PEBV43@@Z 00000001800101c0 f i Quantizer.obj
 0001:0000f240       ?deallocate@?$Array@VPxVec3@physx@@VNamedAllocator@shdfnd@2@@shdfnd@physx@@IEAAXPEAX@Z 0000000180010240 f i Quantizer.obj
 0001:0000f270       ?destroy@?$Array@VPxVec3@physx@@VNamedAllocator@shdfnd@2@@shdfnd@physx@@KAXPEAVPxVec3@3@0@Z 0000000180010270 f i Quantizer.obj
 0001:0000f2a0       ?getCenter@PxBounds3@physx@@QEBA?AVPxVec3@2@XZ 00000001800102a0 f i Quantizer.obj
 0001:0000f320       ?getDenormalizeCenter@QuantizerImpl@@UEBAAEBVPxVec3@physx@@XZ 0000000180010320 f i Quantizer.obj
 0001:0000f330       ?getDenormalizeScale@QuantizerImpl@@UEBAAEBVPxVec3@physx@@XZ 0000000180010330 f i Quantizer.obj
 0001:0000f340       ?getDimensions@PxBounds3@physx@@QEBA?AVPxVec3@2@XZ 0000000180010340 f i Quantizer.obj
 0001:0000f3a0       ?getName@?$ReflectionAllocator@VQuantizerImpl@@@shdfnd@physx@@CAPEBDXZ 00000001800103a0 f i Quantizer.obj
 0001:0000f3e0       ?growAndPushBack@?$Array@VPxVec3@physx@@VNamedAllocator@shdfnd@2@@shdfnd@physx@@IEAAAEAVPxVec3@3@AEBV43@@Z 00000001800103e0 f i Quantizer.obj
 0001:0000f570       ?include@PxBounds3@physx@@QEAAXAEBVPxVec3@2@@Z 0000000180010570 f i Quantizer.obj
 0001:0000f600       ?isFinite@PxBounds3@physx@@QEBA_NXZ 0000000180010600 f i Quantizer.obj
 0001:0000f660       ?isFinite@PxVec3@physx@@QEBA_NXZ 0000000180010660 f i Quantizer.obj
 0001:0000f6d0       ?isFinite@intrinsics@physx@@YA_NM@Z 00000001800106d0 f i Quantizer.obj
 0001:0000f710       ?isInUserMemory@?$Array@VPxVec3@physx@@VNamedAllocator@shdfnd@2@@shdfnd@physx@@QEBAIXZ 0000000180010710 f i Quantizer.obj
 0001:0000f730       ?isValid@PxBounds3@physx@@QEBA_NXZ 0000000180010730 f i Quantizer.obj
 0001:0000f820       ?kmeansQuantize3D@QuantizerImpl@@UEAAPEBVPxVec3@physx@@IPEBV23@I_NIAEAI@Z 0000000180010820 f i Quantizer.obj
 0001:0000fb50       ?maximum@PxVec3@physx@@QEBA?AV12@AEBV12@@Z 0000000180010b50 f i Quantizer.obj
 0001:0000fbf0       ?minimum@PxVec3@physx@@QEBA?AV12@AEBV12@@Z 0000000180010bf0 f i Quantizer.obj
 0001:0000fc90       ?multiply@PxVec3@physx@@QEBA?AV12@AEBV12@@Z 0000000180010c90 f i Quantizer.obj
 0001:0000fd10       ?normalizeInput@QuantizerImpl@@AEAAXIPEBVPxVec3@physx@@I@Z 0000000180010d10 f i Quantizer.obj
 0001:0000ffb0       ?pushBack@?$Array@VPxVec3@physx@@VNamedAllocator@shdfnd@2@@shdfnd@physx@@QEAAAEAVPxVec3@3@AEBV43@@Z 0000000180010fb0 f i Quantizer.obj
 0001:00010050       ?release@QuantizerImpl@@UEAAXXZ 0000000180011050 f i Quantizer.obj
 0001:000100a0       ?selectMax@intrinsics@physx@@YAMMM@Z 00000001800110a0 f i Quantizer.obj
 0001:000100e0       ?selectMin@intrinsics@physx@@YAMMM@Z 00000001800110e0 f i Quantizer.obj
 0001:00010120       ?setEmpty@PxBounds3@physx@@QEAAXXZ 0000000180011120 f i Quantizer.obj
 0001:00010170       ??0BVHStructureBuilder@physx@@QEAA@XZ 0000000180011170 f   BVHStructureBuilder.obj
 0001:000101c0       ??1BVHStructureBuilder@physx@@QEAA@XZ 00000001800111c0 f   BVHStructureBuilder.obj
 0001:00010250       ?loadFromDesc@BVHStructureBuilder@physx@@QEAA_NAEBVPxBVHStructureDesc@2@@Z 0000000180011250 f   BVHStructureBuilder.obj
 0001:00010590       ?save@BVHStructureBuilder@physx@@QEBA_NAEAVPxOutputStream@2@_N@Z 0000000180011590 f   BVHStructureBuilder.obj
 0001:00010790       ?moveData@BVHStructureBuilder@physx@@QEAAXAEAUBVHStructureData@Gu@2@@Z 0000000180011790 f   BVHStructureBuilder.obj
 0001:00010840       ?flatten@@YAXAEBVNodeAllocator@Gu@physx@@PEAUBVHNode@23@@Z 0000000180011840 f   BVHStructureBuilder.obj
 0001:00010be0       ??$?4VNamedAllocator@shdfnd@physx@@@?$Array@USlab@NodeAllocator@Gu@physx@@VNamedAllocator@shdfnd@4@@shdfnd@physx@@QEAAAEAV012@AEBV012@@Z 0000000180011be0 f i BVHStructureBuilder.obj
 0001:00010c70       ??$PX_UNUSED@_N@@YAXAEB_N@Z 0000000180011c70 f i BVHStructureBuilder.obj
 0001:00010c80       ??$copy@VNamedAllocator@shdfnd@physx@@@?$Array@USlab@NodeAllocator@Gu@physx@@VNamedAllocator@shdfnd@4@@shdfnd@physx@@IEAAXAEBV012@@Z 0000000180011c80 f i BVHStructureBuilder.obj
 0001:00010d40       ??0?$Array@USlab@NodeAllocator@Gu@physx@@VNamedAllocator@shdfnd@4@@shdfnd@physx@@QEAA@AEBV012@AEBVNamedAllocator@12@@Z 0000000180011d40 f i BVHStructureBuilder.obj
 0001:00010d80       ??0AABBTreeBuildNode@Gu@physx@@QEAA@AEBV012@@Z 0000000180011d80 f i BVHStructureBuilder.obj
 0001:00010de0       ??0AABBTreeBuildNode@Gu@physx@@QEAA@XZ 0000000180011de0 f i BVHStructureBuilder.obj
 0001:00010e00       ??0AABBTreeBuildParams@Gu@physx@@QEAA@IIPEBVPxBounds3@2@@Z 0000000180011e00 f i BVHStructureBuilder.obj
 0001:00010e50       ??0BuildStats@Gu@physx@@QEAA@XZ 0000000180011e50 f i BVHStructureBuilder.obj
 0001:00010e80       ??0NodeAllocator@Gu@physx@@QEAA@AEBV012@@Z 0000000180011e80 f i BVHStructureBuilder.obj
 0001:00010f10       ??0PxBounds3@physx@@QEAA@AEBV01@@Z 0000000180011f10 f i BVHStructureBuilder.obj
 0001:00010f60       ??0PxVec4@physx@@QEAA@XZ   0000000180011f60 f i BVHStructureBuilder.obj
 0001:00010f70       ??1AABBTreeBuildNode@Gu@physx@@QEAA@XZ 0000000180011f70 f i BVHStructureBuilder.obj
 0001:00010f80       ??1AABBTreeBuildParams@Gu@physx@@QEAA@XZ 0000000180011f80 f i BVHStructureBuilder.obj
 0001:00010fa0       ??4?$Array@USlab@NodeAllocator@Gu@physx@@VNamedAllocator@shdfnd@4@@shdfnd@physx@@QEAAAEAV012@AEBV012@@Z 0000000180011fa0 f i BVHStructureBuilder.obj
 0001:00010fd0       ??4AABBTreeBuildNode@Gu@physx@@QEAAAEAV012@AEBV012@@Z 0000000180011fd0 f i BVHStructureBuilder.obj
 0001:00011030       ??4AABBTreeBuildParams@Gu@physx@@QEAAAEAV012@AEBV012@@Z 0000000180012030 f i BVHStructureBuilder.obj
 0001:00011060       ??4BuildStats@Gu@physx@@QEAAAEAU012@$$QEAU012@@Z 0000000180012060 f i BVHStructureBuilder.obj
 0001:00011090       ??4BuildStats@Gu@physx@@QEAAAEAU012@AEBU012@@Z 0000000180012090 f i BVHStructureBuilder.obj
 0001:000110b0       ??4NodeAllocator@Gu@physx@@QEAAAEAV012@AEBV012@@Z 00000001800120b0 f i BVHStructureBuilder.obj
 0001:00011120       ??4PxBounds3@physx@@QEAAAEAV01@AEBV01@@Z 0000000180012120 f i BVHStructureBuilder.obj
 0001:00011170       ??A?$Array@USlab@NodeAllocator@Gu@physx@@VNamedAllocator@shdfnd@4@@shdfnd@physx@@QEBAAEBUSlab@NodeAllocator@Gu@2@I@Z 0000000180012170 f i BVHStructureBuilder.obj
 0001:000111f0       ??_FAABBTreeBuildParams@Gu@physx@@QEAAXXZ 00000001800121f0 f i BVHStructureBuilder.obj
 0001:00011220       ?V4Add@aos@shdfnd@physx@@YA?AT__m128@@T4@0@Z 0000000180012220 f i BVHStructureBuilder.obj
 0001:00011250       ?V4LoadU@aos@shdfnd@physx@@YA?AT__m128@@QEBM@Z 0000000180012250 f i BVHStructureBuilder.obj
 0001:00011270       ?V4Scale@aos@shdfnd@physx@@YA?AT__m128@@T4@0@Z 0000000180012270 f i BVHStructureBuilder.obj
 0001:000112a0       ?V4StoreA@aos@shdfnd@physx@@YAXT__m128@@PEAM@Z 00000001800122a0 f i BVHStructureBuilder.obj
 0001:00011320       ?V4StoreU@aos@shdfnd@physx@@YAXT__m128@@PEAM@Z 0000000180012320 f i BVHStructureBuilder.obj
 0001:00011340       ?V4Sub@aos@shdfnd@physx@@YA?AT__m128@@T4@0@Z 0000000180012340 f i BVHStructureBuilder.obj
 0001:00011370       ?__global_array_delete@@YAXPEAX@Z 0000000180012370 f i BVHStructureBuilder.obj
 0001:00011390       ?__global_array_delete@@YAXPEAX_K@Z 0000000180012390 f i BVHStructureBuilder.obj
 0001:000113c0       ?__global_delete@@YAXPEAX@Z 00000001800123c0 f i BVHStructureBuilder.obj
 0001:000113e0       ?__global_delete@@YAXPEAX_K@Z 00000001800123e0 f i BVHStructureBuilder.obj
 0001:00011410       ?allocate@?$Array@USlab@NodeAllocator@Gu@physx@@VNamedAllocator@shdfnd@4@@shdfnd@physx@@IEAAPEAUSlab@NodeAllocator@Gu@3@I@Z 0000000180012410 f i BVHStructureBuilder.obj
 0001:000114a0       ?begin@?$Array@USlab@NodeAllocator@Gu@physx@@VNamedAllocator@shdfnd@4@@shdfnd@physx@@QEBAPEBUSlab@NodeAllocator@Gu@3@XZ 00000001800124a0 f i BVHStructureBuilder.obj
 0001:000114b0       ?capacity@?$Array@USlab@NodeAllocator@Gu@physx@@VNamedAllocator@shdfnd@4@@shdfnd@physx@@QEBAIXZ 00000001800124b0 f i BVHStructureBuilder.obj
 0001:000114d0       ?clear@?$Array@USlab@NodeAllocator@Gu@physx@@VNamedAllocator@shdfnd@4@@shdfnd@physx@@QEAAXXZ 00000001800124d0 f i BVHStructureBuilder.obj
 0001:00011510       ?copy@?$Array@USlab@NodeAllocator@Gu@physx@@VNamedAllocator@shdfnd@4@@shdfnd@physx@@KAXPEAUSlab@NodeAllocator@Gu@3@0PEBU4563@@Z 0000000180012510 f i BVHStructureBuilder.obj
 0001:00011590       ?deallocate@?$Array@USlab@NodeAllocator@Gu@physx@@VNamedAllocator@shdfnd@4@@shdfnd@physx@@IEAAXPEAX@Z 0000000180012590 f i BVHStructureBuilder.obj
 0001:000115c0       ?destroy@?$Array@USlab@NodeAllocator@Gu@physx@@VNamedAllocator@shdfnd@4@@shdfnd@physx@@KAXPEAUSlab@NodeAllocator@Gu@3@0@Z 00000001800125c0 f i BVHStructureBuilder.obj
 0001:000115f0       ?empty@?$Array@USlab@NodeAllocator@Gu@physx@@VNamedAllocator@shdfnd@4@@shdfnd@physx@@QEBA_NXZ 00000001800125f0 f i BVHStructureBuilder.obj
 0001:00011620       ?getAABB@AABBTreeBuildNode@Gu@physx@@QEBAAEBVPxBounds3@3@XZ 0000000180012620 f i BVHStructureBuilder.obj
 0001:00011630       ?getCount@BuildStats@Gu@physx@@QEBAIXZ 0000000180012630 f i BVHStructureBuilder.obj
 0001:00011640       ?getNbPrimitives@AABBTreeBuildNode@Gu@physx@@QEBAIXZ 0000000180012640 f i BVHStructureBuilder.obj
 0001:00011650       ?getNbRuntimePrimitives@AABBTreeBuildNode@Gu@physx@@QEBAIXZ 0000000180012650 f i BVHStructureBuilder.obj
 0001:00011660       ?getNeg@AABBTreeBuildNode@Gu@physx@@QEBAPEBV123@XZ 0000000180012660 f i BVHStructureBuilder.obj
 0001:000116a0       ?getPos@AABBTreeBuildNode@Gu@physx@@QEBAPEBV123@XZ 00000001800126a0 f i BVHStructureBuilder.obj
 0001:000116b0       ?getPrimitives@AABBTreeBuildNode@Gu@physx@@QEAAPEAIPEAI@Z 00000001800126b0 f i BVHStructureBuilder.obj
 0001:000116d0       ?getPrimitives@AABBTreeBuildNode@Gu@physx@@QEBAPEBIPEBI@Z 00000001800126d0 f i BVHStructureBuilder.obj
 0001:000116f0       ?grow@?$Array@USlab@NodeAllocator@Gu@physx@@VNamedAllocator@shdfnd@4@@shdfnd@physx@@IEAAXI@Z 00000001800126f0 f i BVHStructureBuilder.obj
 0001:00011770       ?increaseCount@BuildStats@Gu@physx@@QEAAXI@Z 0000000180012770 f i BVHStructureBuilder.obj
 0001:00011790       ?inflateBounds@@YAXAEAVPxBounds3@physx@@AEBV12@@Z 0000000180012790 f i BVHStructureBuilder.obj
 0001:00011980       ?isAligned16@aos@shdfnd@physx@@YA_NPEAX@Z 0000000180012980 f i BVHStructureBuilder.obj
 0001:000119b0       ?isInUserMemory@?$Array@USlab@NodeAllocator@Gu@physx@@VNamedAllocator@shdfnd@4@@shdfnd@physx@@QEBAIXZ 00000001800129b0 f i BVHStructureBuilder.obj
 0001:000119d0       ?isLeaf@AABBTreeBuildNode@Gu@physx@@QEBA_NXZ 00000001800129d0 f i BVHStructureBuilder.obj
 0001:00011a10       ?recreate@?$Array@USlab@NodeAllocator@Gu@physx@@VNamedAllocator@shdfnd@4@@shdfnd@physx@@IEAAXI@Z 0000000180012a10 f i BVHStructureBuilder.obj
 0001:00011b30       ?reserve@?$Array@USlab@NodeAllocator@Gu@physx@@VNamedAllocator@shdfnd@4@@shdfnd@physx@@QEAAXI@Z 0000000180012b30 f i BVHStructureBuilder.obj
 0001:00011b60       ?reset@AABBTreeBuildParams@Gu@physx@@QEAAXXZ 0000000180012b60 f i BVHStructureBuilder.obj
 0001:00011bc0       ?reset@BuildStats@Gu@physx@@QEAAXXZ 0000000180012bc0 f i BVHStructureBuilder.obj
 0001:00011be0       ?setCount@BuildStats@Gu@physx@@QEAAXI@Z 0000000180012be0 f i BVHStructureBuilder.obj
 0001:00011c00       ?setNbRunTimePrimitives@AABBTreeBuildNode@Gu@physx@@QEAAXI@Z 0000000180012c00 f i BVHStructureBuilder.obj
 0001:00011c20       ?size@?$Array@USlab@NodeAllocator@Gu@physx@@VNamedAllocator@shdfnd@4@@shdfnd@physx@@QEBAIXZ 0000000180012c20 f i BVHStructureBuilder.obj
 0001:00011c30       ?saveHeightField@physx@@YA_NAEBVHeightField@Gu@1@AEAVPxOutputStream@1@_N@Z 0000000180012c30 f   HeightFieldCooking.obj
 0001:00011fe0       ??APxVec3@physx@@QEBAAEBMI@Z 0000000180012fe0 f i HeightFieldCooking.obj
 0001:00012030       ??B?$PxFlags@W4Enum@PxHeightFieldFlag@physx@@G@physx@@QEBAGXZ 0000000180013030 f i HeightFieldCooking.obj
 0001:00012040       ?getData@HeightField@Gu@physx@@QEBAAEBUHeightFieldData@23@XZ 0000000180013040 f i HeightFieldCooking.obj
 0001:00012050       ?getMax@CenterExtents@Gu@physx@@QEBAMI@Z 0000000180013050 f i HeightFieldCooking.obj
 0001:000120a0       ?getMin@CenterExtents@Gu@physx@@QEBAMI@Z 00000001800130a0 f i HeightFieldCooking.obj
 0001:000120f0       ?buildFromTriangles@RTreeCooker@physx@@SAXAEAURTree@Gu@2@PEBVPxVec3@2@IPEBGPEBIIAEAV?$Array@IVNamedAllocator@shdfnd@physx@@@shdfnd@2@PEAURemapCallback@12@MW4Enum@PxMeshCookingHint@2@@Z 00000001800130f0 f   RTreeCooking.obj
 0001:00013930       ??$PX_UNUSED@I@@YAXAEBI@Z  0000000180014930 f i RTreeCooking.obj
 0001:00013940       ??$PX_UNUSED@M@@YAXAEBM@Z  0000000180014940 f i RTreeCooking.obj
 0001:00013950       ??$PX_UNUSED@PEAURTreeNodeNQ@physx@@@@YAXAEBQEAURTreeNodeNQ@physx@@@Z 0000000180014950 f i RTreeCooking.obj
 0001:00013960       ??$PX_UNUSED@URTreeNodeNQ@physx@@@@YAXAEBURTreeNodeNQ@physx@@@Z 0000000180014960 f i RTreeCooking.obj
 0001:00013970       ??$PxMax@H@physx@@YAHHH@Z  0000000180014970 f i RTreeCooking.obj
 0001:000139a0       ??$PxMin@I@physx@@YAIII@Z  00000001800149a0 f i RTreeCooking.obj
 0001:000139d0       ??$median3@I$$CBU?$Less@I@shdfnd@physx@@@internal@shdfnd@physx@@YAXPEAIHHAEBU?$Less@I@12@@Z 00000001800149d0 f i RTreeCooking.obj
 0001:00013b30       ??$median3@I$$CBUSortBoundsPredicate@physx@@@internal@shdfnd@physx@@YAXPEAIHHAEBUSortBoundsPredicate@2@@Z 0000000180014b30 f i RTreeCooking.obj
 0001:00013c90       ??$partition@I$$CBU?$Less@I@shdfnd@physx@@@internal@shdfnd@physx@@YAHPEAIHHAEBU?$Less@I@12@@Z 0000000180014c90 f i RTreeCooking.obj
 0001:00013e80       ??$partition@I$$CBUSortBoundsPredicate@physx@@@internal@shdfnd@physx@@YAHPEAIHHAEBUSortBoundsPredicate@2@@Z 0000000180014e80 f i RTreeCooking.obj
 0001:00014070       ??$partition@UBoundsLTE@physx@@@quickSelect@physx@@YAIPEIAIIIIAEBUBoundsLTE@1@@Z 0000000180015070 f i RTreeCooking.obj
 0001:000143c0       ??$quickSelectFirstK@UBoundsLTE@physx@@@quickSelect@physx@@YAXPEIAIIIIAEBUBoundsLTE@1@@Z 00000001800153c0 f i RTreeCooking.obj
 0001:00014520       ??$smallSort@I$$CBU?$Less@I@shdfnd@physx@@@internal@shdfnd@physx@@YAXPEAIHHAEBU?$Less@I@12@@Z 0000000180015520 f i RTreeCooking.obj
 0001:00014600       ??$smallSort@I$$CBUSortBoundsPredicate@physx@@@internal@shdfnd@physx@@YAXPEAIHHAEBUSortBoundsPredicate@2@@Z 0000000180015600 f i RTreeCooking.obj
 0001:000146e0       ??$sort@I@shdfnd@physx@@YAXPEAII@Z 00000001800156e0 f i RTreeCooking.obj
 0001:00014730       ??$sort@IU?$Less@I@shdfnd@physx@@VNamedAllocator@23@@shdfnd@physx@@YAXPEAIIAEBU?$Less@I@01@AEBVNamedAllocator@01@I@Z 0000000180015730 f i RTreeCooking.obj
 0001:00014a20       ??$sort@IUSortBoundsPredicate@physx@@@shdfnd@physx@@YAXPEAIIAEBUSortBoundsPredicate@1@@Z 0000000180015a20 f i RTreeCooking.obj
 0001:00014a70       ??$sort@IUSortBoundsPredicate@physx@@VNamedAllocator@shdfnd@2@@shdfnd@physx@@YAXPEAIIAEBUSortBoundsPredicate@1@AEBVNamedAllocator@01@I@Z 0000000180015a70 f i RTreeCooking.obj
 0001:00014d60       ??0?$AlignedAllocator@$0IA@VNonTrackingAllocator@shdfnd@physx@@@shdfnd@physx@@QEAA@AEBVNonTrackingAllocator@12@@Z 0000000180015d60 f i RTreeCooking.obj
 0001:00014d70       ??0?$Array@IVNamedAllocator@shdfnd@physx@@@shdfnd@physx@@QEAA@IAEBIAEBVNamedAllocator@12@@Z 0000000180015d70 f i RTreeCooking.obj
 0001:00014de0       ??0?$Array@UInterval@physx@@V?$InlineAllocator@$0CAAA@VNamedAllocator@shdfnd@physx@@@shdfnd@2@@shdfnd@physx@@QEAA@AEBV?$InlineAllocator@$0CAAA@VNamedAllocator@shdfnd@physx@@@12@@Z 0000000180015de0 f i RTreeCooking.obj
 0001:00014e40       ??0?$Array@UPxBounds3V@physx@@VNamedAllocator@shdfnd@2@@shdfnd@physx@@QEAA@AEBVNamedAllocator@12@@Z 0000000180015e40 f i RTreeCooking.obj
 0001:00014e90       ??0?$Array@URTreeNodeNQ@physx@@VNamedAllocator@shdfnd@2@@shdfnd@physx@@QEAA@AEBVNamedAllocator@12@@Z 0000000180015e90 f i RTreeCooking.obj
 0001:00014ee0       ??0?$Array@URTreeNodeQ@Gu@physx@@VNamedAllocator@shdfnd@3@@shdfnd@physx@@QEAA@AEBVNamedAllocator@12@@Z 0000000180015ee0 f i RTreeCooking.obj
 0001:00014f30       ??0?$InlineAllocator@$0CAAA@VNamedAllocator@shdfnd@physx@@@shdfnd@physx@@QEAA@AEBV012@@Z 0000000180015f30 f i RTreeCooking.obj
 0001:00014f70       ??0?$InlineAllocator@$0CAAA@VNamedAllocator@shdfnd@physx@@@shdfnd@physx@@QEAA@AEBVNamedAllocator@12@@Z 0000000180015f70 f i RTreeCooking.obj
 0001:00014fb0       ??0?$InlineArray@UInterval@physx@@$0EAA@VNamedAllocator@shdfnd@2@@shdfnd@physx@@QEAA@AEBVNamedAllocator@12@@Z 0000000180015fb0 f i RTreeCooking.obj
 0001:00015040       ??0?$ScopedPointer@HVTempAllocator@shdfnd@physx@@@shdfnd@physx@@QEAA@XZ 0000000180016040 f i RTreeCooking.obj
 0001:00015060       ??0?$Stack@VNamedAllocator@shdfnd@physx@@@internal@shdfnd@physx@@QEAA@PEAHIAEBVNamedAllocator@23@@Z 0000000180016060 f i RTreeCooking.obj
 0001:000150d0       ??0BoundsLTE@physx@@QEAA@IPEBVPxVec3@1@@Z 00000001800160d0 f i RTreeCooking.obj
 0001:00015100       ??0Interval@physx@@QEAA@II@Z 0000000180016100 f i RTreeCooking.obj
 0001:00015130       ??0PxBounds3@physx@@QEAA@AEBVPxVec3@1@0@Z 0000000180016130 f i RTreeCooking.obj
 0001:00015180       ??0PxBounds3V@physx@@QEAA@AEAT__m128@@0@Z 0000000180016180 f i RTreeCooking.obj
 0001:000151c0       ??0PxBounds3V@physx@@QEAA@UU@01@@Z 00000001800161c0 f i RTreeCooking.obj
 0001:000151d0       ??0PxVec4@physx@@QEAA@AEBVPxVec3@1@M@Z 00000001800161d0 f i RTreeCooking.obj
 0001:00015230       ??0PxVec4@physx@@QEAA@M@Z  0000000180016230 f i RTreeCooking.obj
 0001:00015280       ??0RTreeNodeNQ@physx@@QEAA@AEBU01@@Z 0000000180016280 f i RTreeCooking.obj
 0001:000152d0       ??0RTreeNodeNQ@physx@@QEAA@XZ 00000001800162d0 f i RTreeCooking.obj
 0001:00015310       ??0SortBoundsPredicate@physx@@QEAA@IPEBUPxBounds3V@1@@Z 0000000180016310 f i RTreeCooking.obj
 0001:00015340       ??0SubSortQuick@physx@@QEAA@PEAIPEBUPxBounds3V@1@IM@Z 0000000180016340 f i RTreeCooking.obj
 0001:000154b0       ??0SubSortSAH@physx@@QEAA@PEAIPEBUPxBounds3V@1@IPEBI22222M@Z 00000001800164b0 f i RTreeCooking.obj
 0001:000156d0       ??0TempAllocator@shdfnd@physx@@QEAA@PEBD@Z 00000001800166d0 f i RTreeCooking.obj
 0001:000156e0       ??1?$Array@IVNamedAllocator@shdfnd@physx@@@shdfnd@physx@@QEAA@XZ 00000001800166e0 f i RTreeCooking.obj
 0001:00015750       ??1?$Array@UInterval@physx@@V?$InlineAllocator@$0CAAA@VNamedAllocator@shdfnd@physx@@@shdfnd@2@@shdfnd@physx@@QEAA@XZ 0000000180016750 f i RTreeCooking.obj
 0001:000157d0       ??1?$Array@UPxBounds3V@physx@@VNamedAllocator@shdfnd@2@@shdfnd@physx@@QEAA@XZ 00000001800167d0 f i RTreeCooking.obj
 0001:00015840       ??1?$Array@URTreeNodeNQ@physx@@VNamedAllocator@shdfnd@2@@shdfnd@physx@@QEAA@XZ 0000000180016840 f i RTreeCooking.obj
 0001:000158b0       ??1?$Array@URTreeNodeQ@Gu@physx@@VNamedAllocator@shdfnd@3@@shdfnd@physx@@QEAA@XZ 00000001800168b0 f i RTreeCooking.obj
 0001:00015920       ??1?$InlineAllocator@$0CAAA@VNamedAllocator@shdfnd@physx@@@shdfnd@physx@@QEAA@XZ 0000000180016920 f i RTreeCooking.obj
 0001:00015940       ??1?$InlineArray@UInterval@physx@@$0EAA@VNamedAllocator@shdfnd@2@@shdfnd@physx@@QEAA@XZ 0000000180016940 f i RTreeCooking.obj
 0001:00015960       ??1?$ScopedPointer@HVTempAllocator@shdfnd@physx@@@shdfnd@physx@@QEAA@XZ 0000000180016960 f i RTreeCooking.obj
 0001:00015990       ??1?$Stack@VNamedAllocator@shdfnd@physx@@@internal@shdfnd@physx@@QEAA@XZ 0000000180016990 f i RTreeCooking.obj
 0001:000159d0       ??1SubSortQuick@physx@@QEAA@XZ 00000001800169d0 f i RTreeCooking.obj
 0001:000159f0       ??1SubSortSAH@physx@@QEAA@XZ 00000001800169f0 f i RTreeCooking.obj
 0001:00015ab0       ??4PxVec4@physx@@QEAAAEAV01@AEBV01@@Z 0000000180016ab0 f i RTreeCooking.obj
 0001:00015b10       ??A?$Array@IVNamedAllocator@shdfnd@physx@@@shdfnd@physx@@QEAAAEAII@Z 0000000180016b10 f i RTreeCooking.obj
 0001:00015b90       ??A?$Array@UInterval@physx@@V?$InlineAllocator@$0CAAA@VNamedAllocator@shdfnd@physx@@@shdfnd@2@@shdfnd@physx@@QEAAAEAUInterval@2@I@Z 0000000180016b90 f i RTreeCooking.obj
 0001:00015c10       ??A?$Array@URTreeNodeNQ@physx@@VNamedAllocator@shdfnd@2@@shdfnd@physx@@QEAAAEAURTreeNodeNQ@2@I@Z 0000000180016c10 f i RTreeCooking.obj
 0001:00015c90       ??A?$Array@URTreeNodeQ@Gu@physx@@VNamedAllocator@shdfnd@3@@shdfnd@physx@@QEAAAEAURTreeNodeQ@Gu@2@I@Z 0000000180016c90 f i RTreeCooking.obj
 0001:00015d10       ??B?$ScopedPointer@HVTempAllocator@shdfnd@physx@@@shdfnd@physx@@QEBAPEAHXZ 0000000180016d10 f i RTreeCooking.obj
 0001:00015d20       ??GPxVec4@physx@@QEBA?AV01@AEBV01@@Z 0000000180016d20 f i RTreeCooking.obj
 0001:00015db0       ??KPxVec4@physx@@QEBA?AV01@M@Z 0000000180016db0 f i RTreeCooking.obj
 0001:00015e50       ??R?$Less@I@shdfnd@physx@@QEBA_NAEBI0@Z 0000000180016e50 f i RTreeCooking.obj
 0001:00015e90       ??RBoundsLTE@physx@@QEBA_NAEBI0@Z 0000000180016e90 f i RTreeCooking.obj
 0001:00015f30       ??RSortBoundsPredicate@physx@@QEBA_NAEBI0@Z 0000000180016f30 f i RTreeCooking.obj
 0001:00016060       ?FMax@aos@shdfnd@physx@@YA?AT__m128@@XZ 0000000180017060 f i RTreeCooking.obj
 0001:00016080       ?FNegMax@aos@shdfnd@physx@@YA?AT__m128@@XZ 0000000180017080 f i RTreeCooking.obj
 0001:000160a0       ?FStore@aos@shdfnd@physx@@YAXT__m128@@PEIAM@Z 00000001800170a0 f i RTreeCooking.obj
 0001:00016130       ?PxAbs@physx@@YAHH@Z       0000000180017130 f i RTreeCooking.obj
 0001:00016150       ?V3Add@aos@shdfnd@physx@@YA?AT__m128@@T4@0@Z 0000000180017150 f i RTreeCooking.obj
 0001:00016260       ?V3Dot@aos@shdfnd@physx@@YA?AT__m128@@T4@0@Z 0000000180017260 f i RTreeCooking.obj
 0001:00016400       ?V3LoadU@aos@shdfnd@physx@@YA?AT__m128@@AEBVPxVec3@3@@Z 0000000180017400 f i RTreeCooking.obj
 0001:00016450       ?V3Max@aos@shdfnd@physx@@YA?AT__m128@@T4@0@Z 0000000180017450 f i RTreeCooking.obj
 0001:00016560       ?V3Min@aos@shdfnd@physx@@YA?AT__m128@@T4@0@Z 0000000180017560 f i RTreeCooking.obj
 0001:00016670       ?V3PermZXY@aos@shdfnd@physx@@YA?AT__m128@@T4@@Z 0000000180017670 f i RTreeCooking.obj
 0001:00016700       ?V3ReadXYZ@aos@shdfnd@physx@@YAAEBVPxVec3@3@AEBT__m128@@@Z 0000000180017700 f i RTreeCooking.obj
 0001:00016710       ?V3Splat@aos@shdfnd@physx@@YA?AT__m128@@T4@@Z 0000000180017710 f i RTreeCooking.obj
 0001:000167f0       ?V3StoreA@aos@shdfnd@physx@@YAXT__m128@@AEAVPxVec3@3@@Z 00000001800177f0 f i RTreeCooking.obj
 0001:000168b0       ?V3StoreU@aos@shdfnd@physx@@YAXT__m128@@AEAVPxVec3@3@@Z 00000001800178b0 f i RTreeCooking.obj
 0001:00016920       ?V3Sub@aos@shdfnd@physx@@YA?AT__m128@@T4@0@Z 0000000180017920 f i RTreeCooking.obj
 0001:00016a30       ?V3Zero@aos@shdfnd@physx@@YA?AT__m128@@XZ 0000000180017a30 f i RTreeCooking.obj
 0001:00016a50       ?V4ClearW@aos@shdfnd@physx@@YA?AT__m128@@T4@@Z 0000000180017a50 f i RTreeCooking.obj
 0001:00016a80       ?V4ReadW@aos@shdfnd@physx@@YAMAEBT__m128@@@Z 0000000180017a80 f i RTreeCooking.obj
 0001:00016a90       ?V4ReadX@aos@shdfnd@physx@@YAMAEBT__m128@@@Z 0000000180017a90 f i RTreeCooking.obj
 0001:00016aa0       ?V4ReadY@aos@shdfnd@physx@@YAMAEBT__m128@@@Z 0000000180017aa0 f i RTreeCooking.obj
 0001:00016ab0       ?V4ReadZ@aos@shdfnd@physx@@YAMAEBT__m128@@@Z 0000000180017ab0 f i RTreeCooking.obj
 0001:00016ac0       ?Vec3V_From_FloatV@aos@shdfnd@physx@@YA?AT__m128@@T4@@Z 0000000180017ac0 f i RTreeCooking.obj
 0001:00016b10       ?Vec3V_From_Vec4V@aos@shdfnd@physx@@YA?AT__m128@@T4@@Z 0000000180017b10 f i RTreeCooking.obj
 0001:00016b40       ?Vec4V_From_FloatV@aos@shdfnd@physx@@YA?AT__m128@@T4@@Z 0000000180017b40 f i RTreeCooking.obj
 0001:00016b50       ?allocate@?$AlignedAllocator@$0IA@VNonTrackingAllocator@shdfnd@physx@@@shdfnd@physx@@QEAAPEAX_KPEBDH@Z 0000000180017b50 f i RTreeCooking.obj
 0001:00016bf0       ?allocate@?$Array@IVNamedAllocator@shdfnd@physx@@@shdfnd@physx@@IEAAPEAII@Z 0000000180017bf0 f i RTreeCooking.obj
 0001:00016c80       ?allocate@?$Array@UInterval@physx@@V?$InlineAllocator@$0CAAA@VNamedAllocator@shdfnd@physx@@@shdfnd@2@@shdfnd@physx@@IEAAPEAUInterval@3@I@Z 0000000180017c80 f i RTreeCooking.obj
 0001:00016d10       ?allocate@?$Array@UPxBounds3V@physx@@VNamedAllocator@shdfnd@2@@shdfnd@physx@@IEAAPEAUPxBounds3V@3@I@Z 0000000180017d10 f i RTreeCooking.obj
 0001:00016da0       ?allocate@?$Array@URTreeNodeNQ@physx@@VNamedAllocator@shdfnd@2@@shdfnd@physx@@IEAAPEAURTreeNodeNQ@3@I@Z 0000000180017da0 f i RTreeCooking.obj
 0001:00016e30       ?allocate@?$Array@URTreeNodeQ@Gu@physx@@VNamedAllocator@shdfnd@3@@shdfnd@physx@@IEAAPEAURTreeNodeQ@Gu@3@I@Z 0000000180017e30 f i RTreeCooking.obj
 0001:00016ec0       ?allocate@?$InlineAllocator@$0CAAA@VNamedAllocator@shdfnd@physx@@@shdfnd@physx@@QEAAPEAXIPEBDH@Z 0000000180017ec0 f i RTreeCooking.obj
 0001:00016f30       ?allocate@NonTrackingAllocator@shdfnd@physx@@QEAAPEAX_KPEBDH@Z 0000000180017f30 f i RTreeCooking.obj
 0001:00016fa0       ?begin@?$Array@IVNamedAllocator@shdfnd@physx@@@shdfnd@physx@@QEAAPEAIXZ 0000000180017fa0 f i RTreeCooking.obj
 0001:00016fb0       ?begin@?$Array@UPxBounds3V@physx@@VNamedAllocator@shdfnd@2@@shdfnd@physx@@QEAAPEAUPxBounds3V@3@XZ 0000000180017fb0 f i RTreeCooking.obj
 0001:00016fc0       ?begin@?$Array@VPxVec3@physx@@VNamedAllocator@shdfnd@2@@shdfnd@physx@@QEAAPEAVPxVec3@3@XZ 0000000180017fc0 f i RTreeCooking.obj
 0001:00016fd0       ?capacity@?$Array@IVNamedAllocator@shdfnd@physx@@@shdfnd@physx@@QEBAIXZ 0000000180017fd0 f i RTreeCooking.obj
 0001:00016ff0       ?capacity@?$Array@UInterval@physx@@V?$InlineAllocator@$0CAAA@VNamedAllocator@shdfnd@physx@@@shdfnd@2@@shdfnd@physx@@QEBAIXZ 0000000180017ff0 f i RTreeCooking.obj
 0001:00017010       ?capacity@?$Array@UPxBounds3V@physx@@VNamedAllocator@shdfnd@2@@shdfnd@physx@@QEBAIXZ 0000000180018010 f i RTreeCooking.obj
 0001:00017030       ?capacity@?$Array@URTreeNodeNQ@physx@@VNamedAllocator@shdfnd@2@@shdfnd@physx@@QEBAIXZ 0000000180018030 f i RTreeCooking.obj
 0001:00017050       ?capacity@?$Array@URTreeNodeQ@Gu@physx@@VNamedAllocator@shdfnd@3@@shdfnd@physx@@QEBAIXZ 0000000180018050 f i RTreeCooking.obj
 0001:00017070       ?capacityIncrement@?$Array@IVNamedAllocator@shdfnd@physx@@@shdfnd@physx@@IEBAIXZ 0000000180018070 f i RTreeCooking.obj
 0001:000170b0       ?capacityIncrement@?$Array@UInterval@physx@@V?$InlineAllocator@$0CAAA@VNamedAllocator@shdfnd@physx@@@shdfnd@2@@shdfnd@physx@@IEBAIXZ 00000001800180b0 f i RTreeCooking.obj
 0001:000170f0       ?capacityIncrement@?$Array@UPxBounds3V@physx@@VNamedAllocator@shdfnd@2@@shdfnd@physx@@IEBAIXZ 00000001800180f0 f i RTreeCooking.obj
 0001:00017130       ?capacityIncrement@?$Array@URTreeNodeNQ@physx@@VNamedAllocator@shdfnd@2@@shdfnd@physx@@IEBAIXZ 0000000180018130 f i RTreeCooking.obj
 0001:00017170       ?capacityIncrement@?$Array@URTreeNodeQ@Gu@physx@@VNamedAllocator@shdfnd@3@@shdfnd@physx@@IEBAIXZ 0000000180018170 f i RTreeCooking.obj
 0001:000171b0       ?computeSA@SubSortSAH@physx@@QEAAMPEBIAEBUInterval@2@@Z 00000001800181b0 f i RTreeCooking.obj
 0001:000173c0       ?copy@?$Array@IVNamedAllocator@shdfnd@physx@@@shdfnd@physx@@KAXPEAI0PEBI@Z 00000001800183c0 f i RTreeCooking.obj
 0001:00017440       ?copy@?$Array@UInterval@physx@@V?$InlineAllocator@$0CAAA@VNamedAllocator@shdfnd@physx@@@shdfnd@2@@shdfnd@physx@@KAXPEAUInterval@3@0PEBU43@@Z 0000000180018440 f i RTreeCooking.obj
 0001:000174c0       ?copy@?$Array@UPxBounds3V@physx@@VNamedAllocator@shdfnd@2@@shdfnd@physx@@KAXPEAUPxBounds3V@3@0PEBU43@@Z 00000001800184c0 f i RTreeCooking.obj
 0001:00017540       ?copy@?$Array@URTreeNodeNQ@physx@@VNamedAllocator@shdfnd@2@@shdfnd@physx@@KAXPEAURTreeNodeNQ@3@0PEBU43@@Z 0000000180018540 f i RTreeCooking.obj
 0001:000175c0       ?copy@?$Array@URTreeNodeQ@Gu@physx@@VNamedAllocator@shdfnd@3@@shdfnd@physx@@KAXPEAURTreeNodeQ@Gu@3@0PEBU453@@Z 00000001800185c0 f i RTreeCooking.obj
 0001:00017640       ?create@?$Array@IVNamedAllocator@shdfnd@physx@@@shdfnd@physx@@KAXPEAI0AEBI@Z 0000000180018640 f i RTreeCooking.obj
 0001:000176a0       ?deallocate@?$Array@IVNamedAllocator@shdfnd@physx@@@shdfnd@physx@@IEAAXPEAX@Z 00000001800186a0 f i RTreeCooking.obj
 0001:000176d0       ?deallocate@?$Array@UInterval@physx@@V?$InlineAllocator@$0CAAA@VNamedAllocator@shdfnd@physx@@@shdfnd@2@@shdfnd@physx@@IEAAXPEAX@Z 00000001800186d0 f i RTreeCooking.obj
 0001:00017700       ?deallocate@?$Array@UPxBounds3V@physx@@VNamedAllocator@shdfnd@2@@shdfnd@physx@@IEAAXPEAX@Z 0000000180018700 f i RTreeCooking.obj
 0001:00017730       ?deallocate@?$Array@URTreeNodeNQ@physx@@VNamedAllocator@shdfnd@2@@shdfnd@physx@@IEAAXPEAX@Z 0000000180018730 f i RTreeCooking.obj
 0001:00017760       ?deallocate@?$Array@URTreeNodeQ@Gu@physx@@VNamedAllocator@shdfnd@3@@shdfnd@physx@@IEAAXPEAX@Z 0000000180018760 f i RTreeCooking.obj
 0001:00017790       ?deallocate@?$InlineAllocator@$0CAAA@VNamedAllocator@shdfnd@physx@@@shdfnd@physx@@QEAAXPEAX@Z 0000000180018790 f i RTreeCooking.obj
 0001:000177d0       ?destroy@?$Array@IVNamedAllocator@shdfnd@physx@@@shdfnd@physx@@KAXPEAI0@Z 00000001800187d0 f i RTreeCooking.obj
 0001:00017800       ?destroy@?$Array@UInterval@physx@@V?$InlineAllocator@$0CAAA@VNamedAllocator@shdfnd@physx@@@shdfnd@2@@shdfnd@physx@@KAXPEAUInterval@3@0@Z 0000000180018800 f i RTreeCooking.obj
 0001:00017830       ?destroy@?$Array@UPxBounds3V@physx@@VNamedAllocator@shdfnd@2@@shdfnd@physx@@KAXPEAUPxBounds3V@3@0@Z 0000000180018830 f i RTreeCooking.obj
 0001:00017860       ?destroy@?$Array@URTreeNodeNQ@physx@@VNamedAllocator@shdfnd@2@@shdfnd@physx@@KAXPEAURTreeNodeNQ@3@0@Z 0000000180018860 f i RTreeCooking.obj
 0001:00017890       ?destroy@?$Array@URTreeNodeQ@Gu@physx@@VNamedAllocator@shdfnd@3@@shdfnd@physx@@KAXPEAURTreeNodeQ@Gu@3@0@Z 0000000180018890 f i RTreeCooking.obj
 0001:000178c0       ?empty@?$Stack@VNamedAllocator@shdfnd@physx@@@internal@shdfnd@physx@@QEAA_NXZ 00000001800188c0 f i RTreeCooking.obj
 0001:000178f0       ?empty@PxBounds3@physx@@SA?AV12@XZ 00000001800188f0 f i RTreeCooking.obj
 0001:00017950       ?getExtents@PxBounds3V@physx@@QEBA?AT__m128@@XZ 0000000180018950 f i RTreeCooking.obj
 0001:000179b0       ?getMaxVec3@PxBounds3V@physx@@QEBA?BVPxVec3@2@XZ 00000001800189b0 f i RTreeCooking.obj
 0001:00017a00       ?getMinVec3@PxBounds3V@physx@@QEBA?BVPxVec3@2@XZ 0000000180018a00 f i RTreeCooking.obj
 0001:00017a50       ?grow@?$Array@IVNamedAllocator@shdfnd@physx@@@shdfnd@physx@@IEAAXI@Z 0000000180018a50 f i RTreeCooking.obj
 0001:00017ad0       ?grow@?$Array@UPxBounds3V@physx@@VNamedAllocator@shdfnd@2@@shdfnd@physx@@IEAAXI@Z 0000000180018ad0 f i RTreeCooking.obj
 0001:00017b50       ?grow@?$Array@URTreeNodeNQ@physx@@VNamedAllocator@shdfnd@2@@shdfnd@physx@@IEAAXI@Z 0000000180018b50 f i RTreeCooking.obj
 0001:00017bd0       ?grow@?$Array@URTreeNodeQ@Gu@physx@@VNamedAllocator@shdfnd@3@@shdfnd@physx@@IEAAXI@Z 0000000180018bd0 f i RTreeCooking.obj
 0001:00017c50       ?grow@?$Array@VPxVec3@physx@@VNamedAllocator@shdfnd@2@@shdfnd@physx@@IEAAXI@Z 0000000180018c50 f i RTreeCooking.obj
 0001:00017cd0       ?grow@?$Stack@VNamedAllocator@shdfnd@physx@@@internal@shdfnd@physx@@QEAAXXZ 0000000180018cd0 f i RTreeCooking.obj
 0001:00017d80       ?growAndPushBack@?$Array@IVNamedAllocator@shdfnd@physx@@@shdfnd@physx@@IEAAAEAIAEBI@Z 0000000180018d80 f i RTreeCooking.obj
 0001:00017f00       ?growAndPushBack@?$Array@UInterval@physx@@V?$InlineAllocator@$0CAAA@VNamedAllocator@shdfnd@physx@@@shdfnd@2@@shdfnd@physx@@IEAAAEAUInterval@3@AEBU43@@Z 0000000180018f00 f i RTreeCooking.obj
 0001:000180b0       ?growAndPushBack@?$Array@UPxBounds3V@physx@@VNamedAllocator@shdfnd@2@@shdfnd@physx@@IEAAAEAUPxBounds3V@3@AEBU43@@Z 00000001800190b0 f i RTreeCooking.obj
 0001:00018280       ?growAndPushBack@?$Array@URTreeNodeNQ@physx@@VNamedAllocator@shdfnd@2@@shdfnd@physx@@IEAAAEAURTreeNodeNQ@3@AEBU43@@Z 0000000180019280 f i RTreeCooking.obj
 0001:00018410       ?growAndPushBack@?$Array@URTreeNodeQ@Gu@physx@@VNamedAllocator@shdfnd@3@@shdfnd@physx@@IEAAAEAURTreeNodeQ@Gu@3@AEBU453@@Z 0000000180019410 f i RTreeCooking.obj
 0001:000185e0       ?include@PxBounds3V@physx@@QEAAXAEBU12@@Z 00000001800195e0 f i RTreeCooking.obj
 0001:00018690       ?isInUserMemory@?$Array@IVNamedAllocator@shdfnd@physx@@@shdfnd@physx@@QEBAIXZ 0000000180019690 f i RTreeCooking.obj
 0001:000186b0       ?isInUserMemory@?$Array@UInterval@physx@@V?$InlineAllocator@$0CAAA@VNamedAllocator@shdfnd@physx@@@shdfnd@2@@shdfnd@physx@@QEBAIXZ 00000001800196b0 f i RTreeCooking.obj
 0001:000186d0       ?isInUserMemory@?$Array@UPxBounds3V@physx@@VNamedAllocator@shdfnd@2@@shdfnd@physx@@QEBAIXZ 00000001800196d0 f i RTreeCooking.obj
 0001:000186f0       ?isInUserMemory@?$Array@URTreeNodeNQ@physx@@VNamedAllocator@shdfnd@2@@shdfnd@physx@@QEBAIXZ 00000001800196f0 f i RTreeCooking.obj
 0001:00018710       ?isInUserMemory@?$Array@URTreeNodeQ@Gu@physx@@VNamedAllocator@shdfnd@3@@shdfnd@physx@@QEBAIXZ 0000000180019710 f i RTreeCooking.obj
 0001:00018730       ?isInside@PxBounds3@physx@@QEBA_NAEBV12@@Z 0000000180019730 f i RTreeCooking.obj
 0001:00018820       ?isLeaf@RTreeNodeQ@Gu@physx@@QEBAIXZ 0000000180019820 f i RTreeCooking.obj
 0001:00018840       ?isValidFloatV@aos@shdfnd@physx@@YA_NT__m128@@@Z 0000000180019840 f i RTreeCooking.obj
 0001:00018950       ?isValidVec3V@aos@shdfnd@physx@@YA_NT__m128@@@Z 0000000180019950 f i RTreeCooking.obj
 0001:000189b0       ?pop@?$Stack@VNamedAllocator@shdfnd@physx@@@internal@shdfnd@physx@@QEAAXAEAH0@Z 00000001800199b0 f i RTreeCooking.obj
 0001:00018a90       ?popBack@?$Array@IVNamedAllocator@shdfnd@physx@@@shdfnd@physx@@QEAAIXZ 0000000180019a90 f i RTreeCooking.obj
[...]
 0004:00002d90       $pdata$?getFreeHullFace@QuickHull@local@@IEAAPEAUQuickHullFace@2@XZ 0000000180063d90     QuickHullConvexHullLib.obj
 0004:00002d9c       $pdata$?getFreeHullHalfEdge@QuickHull@local@@IEAAPEAUQuickHullHalfEdge@2@XZ 0000000180063d9c     QuickHullConvexHullLib.obj
 0004:00002da8       $pdata$?getFreeItem@?$MemBlock@UQuickHullFace@local@@$00@local@@QEAAPEAUQuickHullFace@2@XZ 0000000180063da8     QuickHullConvexHullLib.obj
 0004:00002db4       $pdata$?getFreeItem@?$MemBlock@UQuickHullHalfEdge@local@@$0A@@local@@QEAAPEAUQuickHullHalfEdge@2@XZ 0000000180063db4     QuickHullConvexHullLib.obj
 0004:00002dc0       $pdata$?getHead@QuickHullHalfEdge@local@@QEBAAEBUQuickHullVertex@2@XZ 0000000180063dc0     QuickHullConvexHullLib.obj
 0004:00002dcc       $pdata$?getItem@?$MemBlock@UQuickHullFace@local@@$00@local@@QEAAPEAUQuickHullFace@2@I@Z 0000000180063dcc     QuickHullConvexHullLib.obj
 0004:00002dd8       $pdata$?getName@?$ReflectionAllocator@VQuickHull@local@@@shdfnd@physx@@CAPEBDXZ 0000000180063dd8     QuickHullConvexHullLib.obj
 0004:00002de4       $pdata$?grow@?$Array@PEAUQuickHullFace@local@@VNamedAllocator@shdfnd@physx@@@shdfnd@physx@@IEAAXI@Z 0000000180063de4     QuickHullConvexHullLib.obj
 0004:00002df0       $pdata$?grow@?$Array@PEAUQuickHullHalfEdge@local@@VNamedAllocator@shdfnd@physx@@@shdfnd@physx@@IEAAXI@Z 0000000180063df0     QuickHullConvexHullLib.obj
 0004:00002dfc       $pdata$?grow@?$Array@PEAUQuickHullVertex@local@@VNamedAllocator@shdfnd@physx@@@shdfnd@physx@@IEAAXI@Z 0000000180063dfc     QuickHullConvexHullLib.obj
 0004:00002e08       $pdata$?grow@?$Array@UExpandPoint@local@@VNamedAllocator@shdfnd@physx@@@shdfnd@physx@@IEAAXI@Z 0000000180063e08     QuickHullConvexHullLib.obj
 0004:00002e14       $pdata$?growAndPushBack@?$Array@PEAUQuickHullFace@local@@VNamedAllocator@shdfnd@physx@@@shdfnd@physx@@IEAAAEAPEAUQuickHullFace@local@@AEBQEAU45@@Z 0000000180063e14     QuickHullConvexHullLib.obj
 0004:00002e20       $pdata$?growAndPushBack@?$Array@PEAUQuickHullHalfEdge@local@@VNamedAllocator@shdfnd@physx@@@shdfnd@physx@@IEAAAEAPEAUQuickHullHalfEdge@local@@AEBQEAU45@@Z 0000000180063e20     QuickHullConvexHullLib.obj
 0004:00002e2c       $pdata$?growAndPushBack@?$Array@PEAUQuickHullVertex@local@@VNamedAllocator@shdfnd@physx@@@shdfnd@physx@@IEAAAEAPEAUQuickHullVertex@local@@AEBQEAU45@@Z 0000000180063e2c     QuickHullConvexHullLib.obj
 0004:00002e38       $pdata$?growAndPushBack@?$Array@UExpandPoint@local@@VNamedAllocator@shdfnd@physx@@@shdfnd@physx@@IEAAAEAUExpandPoint@local@@AEBU45@@Z 0000000180063e38     QuickHullConvexHullLib.obj
 0004:00002e44       $pdata$?init@?$MemBlock@UQuickHullFace@local@@$00@local@@QEAAXI@Z 0000000180063e44     QuickHullConvexHullLib.obj
 0004:00002e50       $pdata$?init@?$MemBlock@UQuickHullHalfEdge@local@@$0A@@local@@QEAAXI@Z 0000000180063e50     QuickHullConvexHullLib.obj
 0004:00002e5c       $pdata$?isTriangle@QuickHullFace@local@@AEBA_NXZ 0000000180063e5c     QuickHullConvexHullLib.obj
 0004:00002e68       $pdata$?pushBack@?$Array@PEAUQuickHullFace@local@@VNamedAllocator@shdfnd@physx@@@shdfnd@physx@@QEAAAEAPEAUQuickHullFace@local@@AEBQEAU45@@Z 0000000180063e68     QuickHullConvexHullLib.obj
 0004:00002e74       $pdata$?pushBack@?$Array@PEAUQuickHullHalfEdge@local@@VNamedAllocator@shdfnd@physx@@@shdfnd@physx@@QEAAAEAPEAUQuickHullHalfEdge@local@@AEBQEAU45@@Z 0000000180063e74     QuickHullConvexHullLib.obj
 0004:00002e80       $pdata$?pushBack@?$Array@PEAUQuickHullVertex@local@@VNamedAllocator@shdfnd@physx@@@shdfnd@physx@@QEAAAEAPEAUQuickHullVertex@local@@AEBQEAU45@@Z 0000000180063e80     QuickHullConvexHullLib.obj
 0004:00002e8c       $pdata$?pushBack@?$Array@UExpandPoint@local@@VNamedAllocator@shdfnd@physx@@@shdfnd@physx@@QEAAAEAUExpandPoint@local@@AEBU45@@Z 0000000180063e8c     QuickHullConvexHullLib.obj
 0004:00002e98       $pdata$?recreate@?$Array@PEAUQuickHullFace@local@@VNamedAllocator@shdfnd@physx@@@shdfnd@physx@@IEAAXI@Z 0000000180063e98     QuickHullConvexHullLib.obj
 0004:00002ea4       $pdata$?recreate@?$Array@PEAUQuickHullHalfEdge@local@@VNamedAllocator@shdfnd@physx@@@shdfnd@physx@@IEAAXI@Z 0000000180063ea4     QuickHullConvexHullLib.obj
 0004:00002eb0       $pdata$?recreate@?$Array@PEAUQuickHullVertex@local@@VNamedAllocator@shdfnd@physx@@@shdfnd@physx@@IEAAXI@Z 0000000180063eb0     QuickHullConvexHullLib.obj
 0004:00002ebc       $pdata$?recreate@?$Array@UExpandPoint@local@@VNamedAllocator@shdfnd@physx@@@shdfnd@physx@@IEAAXI@Z 0000000180063ebc     QuickHullConvexHullLib.obj
 0004:00002ec8       $pdata$?reserve@?$Array@PEAUQuickHullFace@local@@VNamedAllocator@shdfnd@physx@@@shdfnd@physx@@QEAAXI@Z 0000000180063ec8     QuickHullConvexHullLib.obj
 0004:00002ed4       $pdata$?reserve@?$Array@PEAUQuickHullHalfEdge@local@@VNamedAllocator@shdfnd@physx@@@shdfnd@physx@@QEAAXI@Z 0000000180063ed4     QuickHullConvexHullLib.obj
 0004:00002ee0       $pdata$?reserve@?$Array@PEAUQuickHullVertex@local@@VNamedAllocator@shdfnd@physx@@@shdfnd@physx@@QEAAXI@Z 0000000180063ee0     QuickHullConvexHullLib.obj
 0004:00002eec       $pdata$?reserve@?$Array@UExpandPoint@local@@VNamedAllocator@shdfnd@physx@@@shdfnd@physx@@QEAAXI@Z 0000000180063eec     QuickHullConvexHullLib.obj
 0004:00002ef8       $pdata$?reset@?$MemBlock@UQuickHullFace@local@@$00@local@@QEAAXXZ 0000000180063ef8     QuickHullConvexHullLib.obj
 0004:00002f04       $pdata$?reset@?$MemBlock@UQuickHullHalfEdge@local@@$0A@@local@@QEAAXXZ 0000000180063f04     QuickHullConvexHullLib.obj
 0004:00002f10       $pdata$??Dphysx@@YA?AVPxVec3@0@MAEBV10@@Z 0000000180063f10     VolumeIntegration.obj
 0004:00002f1c       $pdata$?computeVolumeIntegrals@physx@@YA_NAEBVPxSimpleTriangleMesh@1@MAEAUPxIntegrals@1@@Z 0000000180063f1c     VolumeIntegration.obj
 0004:00002f28       $pdata$?computeVolumeIntegralsEberly@physx@@YA_NAEBVPxConvexMeshDesc@1@MAEAUPxIntegrals@1@AEBVPxVec3@1@@Z 0000000180063f28     VolumeIntegration.obj
 0004:00002f34       $pdata$?computeVolumeIntegralsEberlySIMD@physx@@YA_NAEBVPxConvexMeshDesc@1@MAEAUPxIntegrals@1@AEBVPxVec3@1@@Z 0000000180063f34     VolumeIntegration.obj
 0004:00002f40       $pdata$??0VolumeIntegrator@?A0x86cbc364@physx@@QEAA@VPxSimpleTriangleMesh@2@N@Z 0000000180063f40     VolumeIntegration.obj
 0004:00002f4c       $pdata$?computeVolumeIntegrals@VolumeIntegrator@?A0x86cbc364@physx@@QEAA_NAEAUPxIntegrals@3@@Z 0000000180063f4c     VolumeIntegration.obj
 0004:00002f58       $pdata$?computeCenterOfMass@VolumeIntegrator@?A0x86cbc364@physx@@AEAA?AVPxVec3@3@XZ 0000000180063f58     VolumeIntegration.obj
 0004:00002f64       $pdata$?computeInertiaTensor@VolumeIntegrator@?A0x86cbc364@physx@@AEAAXPEAN@Z 0000000180063f64     VolumeIntegration.obj
 0004:00002f70       $pdata$?computeCOMInertiaTensor@VolumeIntegrator@?A0x86cbc364@physx@@AEAAXPEAN@Z 0000000180063f70     VolumeIntegration.obj
 0004:00002f7c       $pdata$?computeFaceNormal@VolumeIntegrator@?A0x86cbc364@physx@@AEAAXAEAUFace@123@PEAI@Z 0000000180063f7c     VolumeIntegration.obj
 0004:00002f88       $pdata$?computeProjectionIntegrals@VolumeIntegrator@?A0x86cbc364@physx@@AEAAXAEBUFace@123@@Z 0000000180063f88     VolumeIntegration.obj
 0004:00002f94       $pdata$?computeFaceIntegrals@VolumeIntegrator@?A0x86cbc364@physx@@AEAAXAEBUFace@123@@Z 0000000180063f94     VolumeIntegration.obj
 0004:00002fa0       $pdata$?computeVolumeIntegralsSIMD@VolumeIntegratorEberly@?A0x86cbc364@physx@@QEAA_NAEAUPxIntegrals@3@AEBVPxVec3@3@@Z 0000000180063fa0     VolumeIntegration.obj
 0004:00002fac       $pdata$?computeVolumeIntegrals@VolumeIntegratorEberly@?A0x86cbc364@physx@@QEAA_NAEAUPxIntegrals@3@AEBVPxVec3@3@@Z 0000000180063fac     VolumeIntegration.obj
 0004:00002fb8       $pdata$??$swap@VPxVec3@physx@@@shdfnd@physx@@YAXAEAVPxVec3@1@0@Z 0000000180063fb8     VolumeIntegration.obj
 0004:00002fc4       $pdata$??0PxSimpleTriangleMesh@physx@@QEAA@XZ 0000000180063fc4     VolumeIntegration.obj
 0004:00002fd0       $pdata$??4PxSimpleTriangleMesh@physx@@QEAAAEAV01@AEBV01@@Z 0000000180063fd0     VolumeIntegration.obj
 0004:00002fdc       $pdata$?FAllGrtr@aos@shdfnd@physx@@YAIT__m128@@0@Z 0000000180063fdc     VolumeIntegration.obj
 0004:00002fe8       $pdata$?V4Cross@aos@shdfnd@physx@@YA?AT__m128@@T4@0@Z 0000000180063fe8     VolumeIntegration.obj
 0004:00002ff4       $pdata$?V4Dot3@aos@shdfnd@physx@@YA?AT__m128@@T4@0@Z 0000000180063ff4     VolumeIntegration.obj
 0004:00003000       $pdata$?V4PermYZXW@aos@shdfnd@physx@@YA?AT__m128@@T4@@Z 0000000180064000     VolumeIntegration.obj
 0004:0000300c       $pdata$?V4ScaleInv@aos@shdfnd@physx@@YA?AT__m128@@T4@0@Z 000000018006400c     VolumeIntegration.obj
 0004:00003018       $pdata$?Vec4V_From_PxVec3_WUndefined@aos@shdfnd@physx@@YA?AT__m128@@AEBVPxVec3@3@@Z 0000000180064018     VolumeIntegration.obj
 0004:00003024       $pdata$?isZero@PxVec3@physx@@QEBA_NXZ 0000000180064024     VolumeIntegration.obj
 0004:00003030       $pdata$?subexpressions@?A0x86cbc364@physx@@YAXNNNAEAN00000@Z 0000000180064030     VolumeIntegration.obj
 0004:0000303c       $pdata$?subexpressionsSIMD@?A0x86cbc364@physx@@YAXAEBT__m128@@00AEAT3@11111@Z 000000018006403c     VolumeIntegration.obj
 0004:00003048       $pdata$?cookingDelayHook@@YAP6A_JXZIPEAUDelayLoadInfo@@@Z 0000000180064048     WindowsCookingDelayLoadHook.obj
 0004:00003054       $pdata$?loadLibrary@Cm@physx@@YAPEAUHINSTANCE__@@PEBD@Z 0000000180064054     WindowsCookingDelayLoadHook.obj
 0004:00003060       $pdata$?physXCommonDliNotePreLoadLibrary@Cm@physx@@YAP6A_JXZPEBDPEBVPxDelayLoadHook@2@@Z 0000000180064060     WindowsCookingDelayLoadHook.obj
 0004:00003084       $pdata$?DloadAcquireSectionWriteAccess@@YAXXZ 0000000180064084     Delayimp:delayhlp.obj
 0004:00003090       $pdata$?DloadGetSRWLockFunctionPointers@@YAEXZ 0000000180064090     Delayimp:delayhlp.obj
 0004:0000309c       $pdata$?DloadLock@@YAXXZ   000000018006409c     Delayimp:delayhlp.obj
 0004:000030a8       $pdata$?DloadMakePermanentImageCommit@@YAXPEAX_K@Z 00000001800640a8     Delayimp:delayhlp.obj
 0004:000030b4       $pdata$?DloadObtainSection@@YAPEAXPEAK0@Z 00000001800640b4     Delayimp:delayhlp.obj
 0004:000030c0       $pdata$?DloadProtectSection@@YAXKPEAK@Z 00000001800640c0     Delayimp:delayhlp.obj
 0004:000030cc       $pdata$?DloadReleaseSectionWriteAccess@@YAXXZ 00000001800640cc     Delayimp:delayhlp.obj
 0004:000030d8       $pdata$?DloadUnlock@@YAXXZ 00000001800640d8     Delayimp:delayhlp.obj
 0004:000030e4       $pdata$?PiddFromDllName@@YAPEBUImgDelayDescr@@PEBD@Z 00000001800640e4     Delayimp:delayhlp.obj
 0004:000030f0       $pdata$__FUnloadDelayLoadedDLL2 00000001800640f0     Delayimp:delayhlp.obj
 0004:000030fc       $pdata$__HrLoadAllImportsForDll 00000001800640fc     Delayimp:delayhlp.obj
 0004:00003108       $pdata$__delayLoadHelper2  0000000180064108     Delayimp:delayhlp.obj
 0004:00003114       $pdata$??3@YAXPEAX_K@Z     0000000180064114     MSVCRTD:delete_scalar_size.obj
 0004:00003120       $pdata$??_V@YAXPEAX_K@Z    0000000180064120     MSVCRTD:delete_array_size.obj
 0004:0000312c       $pdata$_RTC_InitBase       000000018006412c     MSVCRTD:init.obj
 0004:00003138       $pdata$_RTC_Shutdown       0000000180064138     MSVCRTD:init.obj
 0004:00003144       $pdata$??_Gtype_info@@UEAAPEAXI@Z 0000000180064144     MSVCRTD:std_type_info_static.obj
 0004:00003150       $pdata$?__scrt_initialize_type_info@@YAXXZ 0000000180064150     MSVCRTD:tncleanup.obj
 0004:0000315c       $pdata$?__scrt_uninitialize_type_info@@YAXXZ 000000018006415c     MSVCRTD:tncleanup.obj
 0004:00003174       $pdata$??3@YAXPEAX@Z       0000000180064174     MSVCRTD:delete_scalar.obj
 0004:00003180       $pdata$??_V@YAXPEAX@Z      0000000180064180     MSVCRTD:delete_array.obj
 0004:0000318c       $pdata$?dllmain_crt_dispatch@@YAHQEAUHINSTANCE__@@KQEAX@Z 000000018006418c     MSVCRTD:dll_dllmain.obj
 0004:00003198       $pdata$?dllmain_crt_process_attach@@YAHQEAUHINSTANCE__@@QEAX@Z 0000000180064198     MSVCRTD:dll_dllmain.obj
 0004:000031a4       $pdata$?dllmain_crt_process_detach@@YAH_N@Z 00000001800641a4     MSVCRTD:dll_dllmain.obj
 0004:000031b0       $pdata$?dllmain_dispatch@@YAHQEAUHINSTANCE__@@KQEAX@Z 00000001800641b0     MSVCRTD:dll_dllmain.obj
 0004:000031bc       $pdata$?dllmain_raw@@YAHQEAUHINSTANCE__@@KQEAX@Z 00000001800641bc     MSVCRTD:dll_dllmain.obj
 0004:000031c8       $pdata$_CRT_INIT           00000001800641c8     MSVCRTD:dll_dllmain.obj
 0004:000031d4       $pdata$_DllMainCRTStartup  00000001800641d4     MSVCRTD:dll_dllmain.obj
 0004:000031e0       $pdata$ReadNoFence64       00000001800641e0     MSVCRTD:guard_support.obj
 0004:000031ec       $pdata$ReadPointerNoFence  00000001800641ec     MSVCRTD:guard_support.obj
 0004:000031f8       $pdata$_guard_icall_checks_enforced 00000001800641f8     MSVCRTD:guard_support.obj
 0004:00003204       $pdata$__get_entropy       0000000180064204     MSVCRTD:gs_support.obj
 0004:00003210       $pdata$__security_init_cookie 0000000180064210     MSVCRTD:gs_support.obj
 0004:0000321c       $pdata$DllMain             000000018006421c     MSVCRTD:dll_dllmain_stub.obj
 0004:00003228       $pdata$__scrt_initialize_default_local_stdio_options 0000000180064228     MSVCRTD:default_local_stdio_options.obj
 0004:00003234       $pdata$?configure_argv@__scrt_narrow_argv_policy@@SAHXZ 0000000180064234     MSVCRTD:utility.obj
 0004:00003240       $pdata$?find_pe_section@@YAPEAU_IMAGE_SECTION_HEADER@@QEAE_K@Z 0000000180064240     MSVCRTD:utility.obj
 0004:0000324c       $pdata$?initialize_environment@__scrt_narrow_environment_policy@@SAHXZ 000000018006424c     MSVCRTD:utility.obj
 0004:00003258       $pdata$?is_potentially_valid_image_base@@YA_NQEAX@Z 0000000180064258     MSVCRTD:utility.obj
 0004:00003264       $pdata$__scrt_acquire_startup_lock 0000000180064264     MSVCRTD:utility.obj
 0004:00003270       $pdata$__scrt_dllmain_after_initialize_c 0000000180064270     MSVCRTD:utility.obj
 0004:0000327c       $pdata$__scrt_dllmain_before_initialize_c 000000018006427c     MSVCRTD:utility.obj
 0004:00003288       $pdata$__scrt_dllmain_crt_thread_attach 0000000180064288     MSVCRTD:utility.obj
 0004:00003294       $pdata$__scrt_dllmain_crt_thread_detach 0000000180064294     MSVCRTD:utility.obj
 0004:000032a0       $pdata$__scrt_dllmain_exception_filter 00000001800642a0     MSVCRTD:utility.obj
 0004:000032ac       $pdata$__scrt_dllmain_uninitialize_c 00000001800642ac     MSVCRTD:utility.obj
 0004:000032b8       $pdata$__scrt_dllmain_uninitialize_critical 00000001800642b8     MSVCRTD:utility.obj
 0004:000032c4       $pdata$__scrt_initialize_crt 00000001800642c4     MSVCRTD:utility.obj
 0004:000032d0       $pdata$__scrt_initialize_onexit_tables 00000001800642d0     MSVCRTD:utility.obj
 0004:000032dc       $pdata$__scrt_is_nonwritable_in_current_image 00000001800642dc     MSVCRTD:utility.obj
 0004:000032e8       $pdata$__scrt_release_startup_lock 00000001800642e8     MSVCRTD:utility.obj
 0004:000032f4       $pdata$__scrt_uninitialize_crt 00000001800642f4     MSVCRTD:utility.obj
 0004:00003300       $pdata$_onexit             0000000180064300     MSVCRTD:utility.obj
 0004:0000330c       $pdata$at_quick_exit       000000018006430c     MSVCRTD:utility.obj
 0004:00003318       $pdata$atexit              0000000180064318     MSVCRTD:utility.obj
 0004:00003324       $pdata$__scrt_fastfail     0000000180064324     MSVCRTD:utility_desktop.obj
 0004:00003330       $pdata$__scrt_get_show_window_mode 0000000180064330     MSVCRTD:utility_desktop.obj
 0004:0000333c       $pdata$__scrt_initialize_mta 000000018006433c     MSVCRTD:utility_desktop.obj
 0004:00003348       $pdata$__scrt_is_managed_app 0000000180064348     MSVCRTD:utility_desktop.obj
 0004:00003354       $pdata$__scrt_set_unhandled_exception_filter 0000000180064354     MSVCRTD:utility_desktop.obj
 0004:00003360       $pdata$__scrt_unhandled_exception_filter 0000000180064360     MSVCRTD:utility_desktop.obj
 0004:0000336c       $pdata$_RTC_Initialize     000000018006436c     MSVCRTD:initsect.obj
 0004:00003378       $pdata$_RTC_Terminate      0000000180064378     MSVCRTD:initsect.obj
 0004:00003384       $pdata$?DebuggerProbe@@YA_NK@Z 0000000180064384     MSVCRTD:error.obj
 0004:00003390       $pdata$?DebuggerRuntime@@YA_NKHPEAXPEB_W@Z 0000000180064390     MSVCRTD:error.obj
 0004:0000339c       $pdata$?_RTC_AllocaFailure@@YAXPEAXPEAU_RTC_ALLOCA_NODE@@H@Z 000000018006439c     MSVCRTD:error.obj
 0004:000033a8       $pdata$0$?_RTC_AllocaFailure@@YAXPEAXPEAU_RTC_ALLOCA_NODE@@H@Z 00000001800643a8     MSVCRTD:error.obj
 0004:000033b4       $pdata$1$?_RTC_AllocaFailure@@YAXPEAXPEAU_RTC_ALLOCA_NODE@@H@Z 00000001800643b4     MSVCRTD:error.obj
 0004:000033c0       $pdata$?_RTC_StackFailure@@YAXPEAXPEBD@Z 00000001800643c0     MSVCRTD:error.obj
 0004:000033cc       $pdata$?_getMemBlockDataString@@YAXPEAD0PEBD_K@Z 00000001800643cc     MSVCRTD:error.obj
 0004:000033d8       $pdata$3$?_getMemBlockDataString@@YAXPEAD0PEBD_K@Z 00000001800643d8     MSVCRTD:error.obj
 0004:000033e4       $pdata$4$?_getMemBlockDataString@@YAXPEAD0PEBD_K@Z 00000001800643e4     MSVCRTD:error.obj
 0004:000033f0       $pdata$?failwithmessage@@YAXPEAXHHPEBD@Z 00000001800643f0     MSVCRTD:error.obj
 0004:000033fc       $pdata$?notify_debugger@@YAXAEBUtagEXCEPTION_VISUALCPP_DEBUG_INFO@@@Z 00000001800643fc     MSVCRTD:error.obj
 0004:00003408       $pdata$_RTC_UninitUse      0000000180064408     MSVCRTD:error.obj
 0004:00003414       $pdata$_vsprintf_s_l       0000000180064414     MSVCRTD:error.obj
 0004:00003420       $pdata$sprintf_s           0000000180064420     MSVCRTD:error.obj
 0004:0000342c       $pdata$__isa_available_init 000000018006442c     MSVCRTD:cpu_disp.obj
 0004:00003438       $pdata$__scrt_is_ucrt_dll_in_use 0000000180064438     MSVCRTD:ucrt_detection.obj
 0004:00003444       $pdata$?GetPdbDll@@YAPEAUHINSTANCE__@@XZ 0000000180064444     MSVCRTD:pdblkup.obj
 0004:00003450       $pdata$?GetPdbDllFromInstallPath@@YAPEAUHINSTANCE__@@XZ 0000000180064450     MSVCRTD:pdblkup.obj
 0004:0000345c       $pdata$?GetPdbDllPathFromFilePath@@YAHPEB_WPEA_W_K@Z 000000018006445c     MSVCRTD:pdblkup.obj
 0004:00003468       $pdata$?_RTC_GetSrcLine@@YAHPEAEPEA_WKPEAH1K@Z 0000000180064468     MSVCRTD:pdblkup.obj
 0004:00003474       $pdata$__GSHandlerCheck    0000000180064474     MSVCRTD:gshandler.obj
 0004:00003480       $pdata$__GSHandlerCheckCommon 0000000180064480     MSVCRTD:gshandler.obj
 0004:00003498       $pdata$__raise_securityfailure 0000000180064498     MSVCRTD:gs_report.obj
 0004:000034a4       $pdata$__report_gsfailure  00000001800644a4     MSVCRTD:gs_report.obj
 0004:000034b0       $pdata$__report_rangecheckfailure 00000001800644b0     MSVCRTD:gs_report.obj
 0004:000034bc       $pdata$__report_securityfailure 00000001800644bc     MSVCRTD:gs_report.obj
 0004:000034c8       $pdata$__report_securityfailureEx 00000001800644c8     MSVCRTD:gs_report.obj
 0004:000034d4       $pdata$capture_current_context 00000001800644d4     MSVCRTD:gs_report.obj
 0004:000034e0       $pdata$capture_previous_context 00000001800644e0     MSVCRTD:gs_report.obj
 0004:000034f8       $pdata$?fin$0@?0??dllmain_crt_process_attach@@YAHQEAUHINSTANCE__@@QEAX@Z@4HA 00000001800644f8     MSVCRTD:dll_dllmain.obj
 0004:00003504       $pdata$?fin$0@?0??dllmain_crt_process_detach@@YAH_N@Z@4HA 0000000180064504     MSVCRTD:dll_dllmain.obj
 0004:00003510       $pdata$?fin$1@?0??dllmain_crt_process_detach@@YAH_N@Z@4HA 0000000180064510     MSVCRTD:dll_dllmain.obj
 0004:0000351c       $pdata$?filt$0@?0??dllmain_dispatch@@YAHQEAUHINSTANCE__@@KQEAX@Z@4HA 000000018006451c     MSVCRTD:dll_dllmain.obj
 0004:00003528       $pdata$__scrt_is_nonwritable_in_current_image$filt$0 0000000180064528     MSVCRTD:utility.obj
 0004:00003534       $pdata$?filt$0@?0??notify_debugger@@YAXAEBUtagEXCEPTION_VISUALCPP_DEBUG_INFO@@@Z@4HA 0000000180064534     MSVCRTD:error.obj
 0005:000000a0       $R000000                   00000001800650a0     PhysXCooking.res
 0005:000003d0       $R000330                   00000001800653d0     PhysXCooking.res
